Archive member included to satisfy reference by file (symbol)

/opt/riscv32im/lib/gcc/riscv32-unknown-elf/15.1.0/../../../../riscv32-unknown-elf/lib/libc.a(libc_a-exit.o)
                              /opt/riscv32im/lib/gcc/riscv32-unknown-elf/15.1.0/../../../../riscv32-unknown-elf/lib/crt0.o (exit)
/opt/riscv32im/lib/gcc/riscv32-unknown-elf/15.1.0/../../../../riscv32-unknown-elf/lib/libc.a(libc_a-malloc.o)
                              dhry_1.o (malloc)
/opt/riscv32im/lib/gcc/riscv32-unknown-elf/15.1.0/../../../../riscv32-unknown-elf/lib/libc.a(libc_a-mallocr.o)
                              /opt/riscv32im/lib/gcc/riscv32-unknown-elf/15.1.0/../../../../riscv32-unknown-elf/lib/libc.a(libc_a-malloc.o) (_malloc_r)
/opt/riscv32im/lib/gcc/riscv32-unknown-elf/15.1.0/../../../../riscv32-unknown-elf/lib/libc.a(libc_a-mlock.o)
                              /opt/riscv32im/lib/gcc/riscv32-unknown-elf/15.1.0/../../../../riscv32-unknown-elf/lib/libc.a(libc_a-mallocr.o) (__malloc_lock)
/opt/riscv32im/lib/gcc/riscv32-unknown-elf/15.1.0/../../../../riscv32-unknown-elf/lib/libc.a(libc_a-findfp.o)
                              /opt/riscv32im/lib/gcc/riscv32-unknown-elf/15.1.0/../../../../riscv32-unknown-elf/lib/libc.a(libc_a-exit.o) (__stdio_exit_handler)
/opt/riscv32im/lib/gcc/riscv32-unknown-elf/15.1.0/../../../../riscv32-unknown-elf/lib/libc.a(libc_a-fwalk.o)
                              /opt/riscv32im/lib/gcc/riscv32-unknown-elf/15.1.0/../../../../riscv32-unknown-elf/lib/libc.a(libc_a-findfp.o) (_fwalk_sglue)
/opt/riscv32im/lib/gcc/riscv32-unknown-elf/15.1.0/../../../../riscv32-unknown-elf/lib/libc.a(libc_a-printf.o)
                              dhry_1.o (printf)
/opt/riscv32im/lib/gcc/riscv32-unknown-elf/15.1.0/../../../../riscv32-unknown-elf/lib/libc.a(libc_a-putchar.o)
                              dhry_1.o (putchar)
/opt/riscv32im/lib/gcc/riscv32-unknown-elf/15.1.0/../../../../riscv32-unknown-elf/lib/libc.a(libc_a-puts.o)
                              dhry_1.o (puts)
/opt/riscv32im/lib/gcc/riscv32-unknown-elf/15.1.0/../../../../riscv32-unknown-elf/lib/libc.a(libc_a-stdio.o)
                              /opt/riscv32im/lib/gcc/riscv32-unknown-elf/15.1.0/../../../../riscv32-unknown-elf/lib/libc.a(libc_a-findfp.o) (__sread)
/opt/riscv32im/lib/gcc/riscv32-unknown-elf/15.1.0/../../../../riscv32-unknown-elf/lib/libc.a(libc_a-closer.o)
                              /opt/riscv32im/lib/gcc/riscv32-unknown-elf/15.1.0/../../../../riscv32-unknown-elf/lib/libc.a(libc_a-stdio.o) (_close_r)
/opt/riscv32im/lib/gcc/riscv32-unknown-elf/15.1.0/../../../../riscv32-unknown-elf/lib/libc.a(libc_a-reent.o)
                              /opt/riscv32im/lib/gcc/riscv32-unknown-elf/15.1.0/../../../../riscv32-unknown-elf/lib/libc.a(libc_a-closer.o) (errno)
/opt/riscv32im/lib/gcc/riscv32-unknown-elf/15.1.0/../../../../riscv32-unknown-elf/lib/libc.a(libc_a-impure.o)
                              /opt/riscv32im/lib/gcc/riscv32-unknown-elf/15.1.0/../../../../riscv32-unknown-elf/lib/libc.a(libc_a-malloc.o) (_impure_ptr)
/opt/riscv32im/lib/gcc/riscv32-unknown-elf/15.1.0/../../../../riscv32-unknown-elf/lib/libc.a(libc_a-lseekr.o)
                              /opt/riscv32im/lib/gcc/riscv32-unknown-elf/15.1.0/../../../../riscv32-unknown-elf/lib/libc.a(libc_a-stdio.o) (_lseek_r)
/opt/riscv32im/lib/gcc/riscv32-unknown-elf/15.1.0/../../../../riscv32-unknown-elf/lib/libc.a(libc_a-readr.o)
                              /opt/riscv32im/lib/gcc/riscv32-unknown-elf/15.1.0/../../../../riscv32-unknown-elf/lib/libc.a(libc_a-stdio.o) (_read_r)
/opt/riscv32im/lib/gcc/riscv32-unknown-elf/15.1.0/../../../../riscv32-unknown-elf/lib/libc.a(libc_a-sbrkr.o)
                              /opt/riscv32im/lib/gcc/riscv32-unknown-elf/15.1.0/../../../../riscv32-unknown-elf/lib/libc.a(libc_a-mallocr.o) (_sbrk_r)
/opt/riscv32im/lib/gcc/riscv32-unknown-elf/15.1.0/../../../../riscv32-unknown-elf/lib/libc.a(libc_a-writer.o)
                              /opt/riscv32im/lib/gcc/riscv32-unknown-elf/15.1.0/../../../../riscv32-unknown-elf/lib/libc.a(libc_a-stdio.o) (_write_r)
/opt/riscv32im/lib/gcc/riscv32-unknown-elf/15.1.0/../../../../riscv32-unknown-elf/lib/libc.a(libc_a-errno.o)
                              syscalls.o (__errno)
/opt/riscv32im/lib/gcc/riscv32-unknown-elf/15.1.0/../../../../riscv32-unknown-elf/lib/libc.a(libc_a-init.o)
                              /opt/riscv32im/lib/gcc/riscv32-unknown-elf/15.1.0/../../../../riscv32-unknown-elf/lib/crt0.o (__libc_init_array)
/opt/riscv32im/lib/gcc/riscv32-unknown-elf/15.1.0/../../../../riscv32-unknown-elf/lib/libc.a(libc_a-memset.o)
                              /opt/riscv32im/lib/gcc/riscv32-unknown-elf/15.1.0/../../../../riscv32-unknown-elf/lib/crt0.o (memset)
/opt/riscv32im/lib/gcc/riscv32-unknown-elf/15.1.0/../../../../riscv32-unknown-elf/lib/libc.a(libc_a-strlen.o)
                              /opt/riscv32im/lib/gcc/riscv32-unknown-elf/15.1.0/../../../../riscv32-unknown-elf/lib/libc.a(libc_a-puts.o) (strlen)
[...]
Memory Configuration

Name             Origin             Length             Attributes
*default*        0x00000000         0xffffffff

Linker script and memory map

LOAD /opt/riscv32im/lib/gcc/riscv32-unknown-elf/15.1.0/../../../../riscv32-unknown-elf/lib/crt0.o
LOAD /opt/riscv32im/lib/gcc/riscv32-unknown-elf/15.1.0/crtbegin.o
                0x00010000                        . = 0x10000

.text           0x00010000    0x11574
 *(.text)
 .text          0x00010000       0x54 /opt/riscv32im/lib/gcc/riscv32-unknown-elf/15.1.0/../../../../riscv32-unknown-elf/lib/crt0.o
                0x00010000                _start
 .text          0x00010054       0x64 /opt/riscv32im/lib/gcc/riscv32-unknown-elf/15.1.0/crtbegin.o
 .text          0x000100b8      0x200 dhry_1.o
                0x000100b8                Proc_1
                0x00010238                Proc_2
                0x00010260                Proc_3
                0x00010284                Proc_4
                0x000102a8                Proc_5
 .text          0x000102b8      0x12c dhry_2.o
                0x000102b8                Proc_6
                0x00010308                Proc_7
                0x00010318                Proc_8
                0x00010378                Func_1
                0x00010398                Func_2
                0x000103d8                Func_3
 .text          0x000103e4       0x10 stdlib.o
                0x000103e4                time
                0x000103ec                insn
 .text          0x000103f4       0xac syscalls.o
                0x000103f4                _getpid
                0x000103f4                _utime
                0x000103f4                _sysconf
                0x000103f4                _ftime
                0x000103f4                _isatty
                0x000103f4                _open
                0x000103f4                _times
                0x000103f4                _stat
                0x000103f4                _chdir
                0x000103f4                _wait
                0x000103f4                _lseek
                0x000103f4                _fstatat
                0x000103f4                _link
                0x000103f4                _chown
                0x000103f4                _access
                0x000103f4                _openat
                0x000103f4                _execve
                0x000103f4                _chmod
                0x000103f4                _lstat
                0x000103f4                _unlink
                0x000103f4                _fork
                0x000103f4                _getcwd
                0x000103f4                _kill
                0x000103f4                _gettimeofday
                0x000103f4                _faccessat
                0x000103f8                unimplemented_syscall
                0x00010424                _read
                0x0001042c                _write
                0x00010450                _close
                0x00010458                _fstat
                0x0001047c                _sbrk
                0x0001049c                _exit
 .text          0x000104a0        0x0 /opt/riscv32im/lib/gcc/riscv32-unknown-elf/15.1.0/../../../../riscv32-unknown-elf/lib/libc.a(libc_a-exit.o)
 .text          0x000104a0        0x0 /opt/riscv32im/lib/gcc/riscv32-unknown-elf/15.1.0/../../../../riscv32-unknown-elf/lib/libc.a(libc_a-malloc.o)
 .text          0x000104a0        0x0 /opt/riscv32im/lib/gcc/riscv32-unknown-elf/15.1.0/../../../../riscv32-unknown-elf/lib/libc.a(libc_a-mallocr.o)
 .text          0x000104a0        0x0 /opt/riscv32im/lib/gcc/riscv32-unknown-elf/15.1.0/../../../../riscv32-unknown-elf/lib/libc.a(libc_a-mlock.o)
 .text          0x000104a0        0x0 /opt/riscv32im/lib/gcc/riscv32-unknown-elf/15.1.0/../../../../riscv32-unknown-elf/lib/libc.a(libc_a-findfp.o)
 .text          0x000104a0        0x0 /opt/riscv32im/lib/gcc/riscv32-unknown-elf/15.1.0/../../../../riscv32-unknown-elf/lib/libc.a(libc_a-fwalk.o)
 .text          0x000104a0        0x0 /opt/riscv32im/lib/gcc/riscv32-unknown-elf/15.1.0/../../../../riscv32-unknown-elf/lib/libc.a(libc_a-printf.o)
 .text          0x000104a0        0x0 /opt/riscv32im/lib/gcc/riscv32-unknown-elf/15.1.0/../../../../riscv32-unknown-elf/lib/libc.a(libc_a-putchar.o)
 .text          0x000104a0        0x0 /opt/riscv32im/lib/gcc/riscv32-unknown-elf/15.1.0/../../../../riscv32-unknown-elf/lib/libc.a(libc_a-puts.o)
 .text          0x000104a0        0x0 /opt/riscv32im/lib/gcc/riscv32-unknown-elf/15.1.0/../../../../riscv32-unknown-elf/lib/libc.a(libc_a-stdio.o)
 .text          0x000104a0        0x0 /opt/riscv32im/lib/gcc/riscv32-unknown-elf/15.1.0/../../../../riscv32-unknown-elf/lib/libc.a(libc_a-closer.o)
 .text          0x000104a0        0x0 /opt/riscv32im/lib/gcc/riscv32-unknown-elf/15.1.0/../../../../riscv32-unknown-elf/lib/libc.a(libc_a-reent.o)
 .text          0x000104a0        0x0 /opt/riscv32im/lib/gcc/riscv32-unknown-elf/15.1.0/../../../../riscv32-unknown-elf/lib/libc.a(libc_a-impure.o)
 .text          0x000104a0        0x0 /opt/riscv32im/lib/gcc/riscv32-unknown-elf/15.1.0/../../../../riscv32-unknown-elf/lib/libc.a(libc_a-lseekr.o)
 .text          0x000104a0        0x0 /opt/riscv32im/lib/gcc/riscv32-unknown-elf/15.1.0/../../../../riscv32-unknown-elf/lib/libc.a(libc_a-readr.o)
 .text          0x000104a0        0x0 /opt/riscv32im/lib/gcc/riscv32-unknown-elf/15.1.0/../../../../riscv32-unknown-elf/lib/libc.a(libc_a-sbrkr.o)
 .text          0x000104a0        0x0 /opt/riscv32im/lib/gcc/riscv32-unknown-elf/15.1.0/../../../../riscv32-unknown-elf/lib/libc.a(libc_a-writer.o)
 .text          0x000104a0        0x0 /opt/riscv32im/lib/gcc/riscv32-unknown-elf/15.1.0/../../../../riscv32-unknown-elf/lib/libc.a(libc_a-errno.o)
 .text          0x000104a0        0x0 /opt/riscv32im/lib/gcc/riscv32-unknown-elf/15.1.0/../../../../riscv32-unknown-elf/lib/libc.a(libc_a-init.o)
 .text          0x000104a0       0xdc /opt/riscv32im/lib/gcc/riscv32-unknown-elf/15.1.0/../../../../riscv32-unknown-elf/lib/libc.a(libc_a-memset.o)
                0x000104a0                memset
 .text          0x0001057c        0x0 /opt/riscv32im/lib/gcc/riscv32-unknown-elf/15.1.0/../../../../riscv32-unknown-elf/lib/libc.a(libc_a-strlen.o)
 .text          0x0001057c      0x17c /opt/riscv32im/lib/gcc/riscv32-unknown-elf/15.1.0/../../../../riscv32-unknown-elf/lib/libc.a(libc_a-strcmp.o)
                0x0001057c                strcmp
 .text          0x000106f8        0x0 /opt/riscv32im/lib/gcc/riscv32-unknown-elf/15.1.0/../../../../riscv32-unknown-elf/lib/libc.a(libc_a-__call_atexit.o)
 .text          0x000106f8        0x0 /opt/riscv32im/lib/gcc/riscv32-unknown-elf/15.1.0/../../../../riscv32-unknown-elf/lib/libc.a(libc_a-atexit.o)
 .text          0x000106f8        0x0 /opt/riscv32im/lib/gcc/riscv32-unknown-elf/15.1.0/../../../../riscv32-unknown-elf/lib/libc.a(libc_a-freer.o)
 .text          0x000106f8        0x0 /opt/riscv32im/lib/gcc/riscv32-unknown-elf/15.1.0/../../../../riscv32-unknown-elf/lib/libc.a(libc_a-vfprintf.o)
 .text          0x000106f8        0x0 /opt/riscv32im/lib/gcc/riscv32-unknown-elf/15.1.0/../../../../riscv32-unknown-elf/lib/libc.a(libc_a-sprint_r.o)
 .text          0x000106f8        0x0 /opt/riscv32im/lib/gcc/riscv32-unknown-elf/15.1.0/../../../../riscv32-unknown-elf/lib/libc.a(libc_a-fclose.o)
 .text          0x000106f8        0x0 /opt/riscv32im/lib/gcc/riscv32-unknown-elf/15.1.0/../../../../riscv32-unknown-elf/lib/libc.a(libc_a-fflush.o)
 .text          0x000106f8        0x0 /opt/riscv32im/lib/gcc/riscv32-unknown-elf/15.1.0/../../../../riscv32-unknown-elf/lib/libc.a(libc_a-fvwrite.o)
 .text          0x000106f8        0x0 /opt/riscv32im/lib/gcc/riscv32-unknown-elf/15.1.0/../../../../riscv32-unknown-elf/lib/libc.a(libc_a-putc.o)
 .text          0x000106f8        0x0 /opt/riscv32im/lib/gcc/riscv32-unknown-elf/15.1.0/../../../../riscv32-unknown-elf/lib/libc.a(libc_a-wbuf.o)
 .text          0x000106f8        0x0 /opt/riscv32im/lib/gcc/riscv32-unknown-elf/15.1.0/../../../../riscv32-unknown-elf/lib/libc.a(libc_a-wsetup.o)
 .text          0x000106f8        0x0 /opt/riscv32im/lib/gcc/riscv32-unknown-elf/15.1.0/../../../../riscv32-unknown-elf/lib/libc.a(libc_a-memchr.o)
 .text          0x000106f8        0x0 /opt/riscv32im/lib/gcc/riscv32-unknown-elf/15.1.0/../../../../riscv32-unknown-elf/lib/libc.a(libc_a-strncpy.o)
 .text          0x000106f8        0x0 /opt/riscv32im/lib/gcc/riscv32-unknown-elf/15.1.0/../../../../riscv32-unknown-elf/lib/libc.a(libc_a-localeconv.o)
 .text          0x000106f8        0x0 /opt/riscv32im/lib/gcc/riscv32-unknown-elf/15.1.0/../../../../riscv32-unknown-elf/lib/libc.a(libc_a-fini.o)
 .text          0x000106f8        0x0 /opt/riscv32im/lib/gcc/riscv32-unknown-elf/15.1.0/../../../../riscv32-unknown-elf/lib/libc.a(libc_a-memmove-stub.o)
 .text          0x000106f8        0x0 /opt/riscv32im/lib/gcc/riscv32-unknown-elf/15.1.0/../../../../riscv32-unknown-elf/lib/libc.a(libc_a-memcpy.o)
 .text          0x000106f8        0x0 /opt/riscv32im/lib/gcc/riscv32-unknown-elf/15.1.0/../../../../riscv32-unknown-elf/lib/libc.a(libm_a-frexpl.o)
 .text          0x000106f8        0x0 /opt/riscv32im/lib/gcc/riscv32-unknown-elf/15.1.0/../../../../riscv32-unknown-elf/lib/libc.a(libc_a-__atexit.o)
 .text          0x000106f8        0x0 /opt/riscv32im/lib/gcc/riscv32-unknown-elf/15.1.0/../../../../riscv32-unknown-elf/lib/libc.a(libc_a-gdtoa-ldtoa.o)
 .text          0x000106f8        0x0 /opt/riscv32im/lib/gcc/riscv32-unknown-elf/15.1.0/../../../../riscv32-unknown-elf/lib/libc.a(libc_a-gdtoa-gdtoa.o)
 .text          0x000106f8        0x0 /opt/riscv32im/lib/gcc/riscv32-unknown-elf/15.1.0/../../../../riscv32-unknown-elf/lib/libc.a(libc_a-gdtoa-dmisc.o)
 .text          0x000106f8        0x0 /opt/riscv32im/lib/gcc/riscv32-unknown-elf/15.1.0/../../../../riscv32-unknown-elf/lib/libc.a(libc_a-gdtoa-gmisc.o)
 .text          0x000106f8        0x0 /opt/riscv32im/lib/gcc/riscv32-unknown-elf/15.1.0/../../../../riscv32-unknown-elf/lib/libc.a(libc_a-mprec.o)
 .text          0x000106f8        0x0 /opt/riscv32im/lib/gcc/riscv32-unknown-elf/15.1.0/../../../../riscv32-unknown-elf/lib/libc.a(libc_a-reallocr.o)
 .text          0x000106f8        0x0 /opt/riscv32im/lib/gcc/riscv32-unknown-elf/15.1.0/../../../../riscv32-unknown-elf/lib/libc.a(libc_a-makebuf.o)
 .text          0x000106f8        0x0 /opt/riscv32im/lib/gcc/riscv32-unknown-elf/15.1.0/../../../../riscv32-unknown-elf/lib/libc.a(libc_a-locale.o)
 .text          0x000106f8        0x0 /opt/riscv32im/lib/gcc/riscv32-unknown-elf/15.1.0/../../../../riscv32-unknown-elf/lib/libc.a(libc_a-fstatr.o)
 .text          0x000106f8        0x0 /opt/riscv32im/lib/gcc/riscv32-unknown-elf/15.1.0/../../../../riscv32-unknown-elf/lib/libc.a(libc_a-isattyr.o)
 .text          0x000106f8        0x0 /opt/riscv32im/lib/gcc/riscv32-unknown-elf/15.1.0/../../../../riscv32-unknown-elf/lib/libc.a(libc_a-assert.o)
 .text          0x000106f8        0x0 /opt/riscv32im/lib/gcc/riscv32-unknown-elf/15.1.0/../../../../riscv32-unknown-elf/lib/libc.a(libc_a-callocr.o)
 .text          0x000106f8        0x0 /opt/riscv32im/lib/gcc/riscv32-unknown-elf/15.1.0/../../../../riscv32-unknown-elf/lib/libc.a(libc_a-mbtowc_r.o)
 .text          0x000106f8        0x0 /opt/riscv32im/lib/gcc/riscv32-unknown-elf/15.1.0/../../../../riscv32-unknown-elf/lib/libc.a(libc_a-wctomb_r.o)
 .text          0x000106f8        0x0 /opt/riscv32im/lib/gcc/riscv32-unknown-elf/15.1.0/../../../../riscv32-unknown-elf/lib/libc.a(libc_a-ctype_.o)
 .text          0x000106f8        0x0 /opt/riscv32im/lib/gcc/riscv32-unknown-elf/15.1.0/../../../../riscv32-unknown-elf/lib/libc.a(libc_a-fiprintf.o)
 .text          0x000106f8        0x0 /opt/riscv32im/lib/gcc/riscv32-unknown-elf/15.1.0/../../../../riscv32-unknown-elf/lib/libc.a(libc_a-vfiprintf.o)
 .text          0x000106f8        0x0 /opt/riscv32im/lib/gcc/riscv32-unknown-elf/15.1.0/../../../../riscv32-unknown-elf/lib/libc.a(libc_a-abort.o)
 .text          0x000106f8        0x0 /opt/riscv32im/lib/gcc/riscv32-unknown-elf/15.1.0/../../../../riscv32-unknown-elf/lib/libc.a(libc_a-signal.o)
 .text          0x000106f8        0x0 /opt/riscv32im/lib/gcc/riscv32-unknown-elf/15.1.0/../../../../riscv32-unknown-elf/lib/libc.a(libc_a-signalr.o)
 .text          0x000106f8      0x74c /opt/riscv32im/lib/gcc/riscv32-unknown-elf/15.1.0/libgcc.a(adddf3.o)
                0x000106f8                __adddf3
 .text          0x00010e44      0x6b8 /opt/riscv32im/lib/gcc/riscv32-unknown-elf/15.1.0/libgcc.a(divdf3.o)
                0x00010e44                __divdf3
 .text          0x000114fc       0x84 /opt/riscv32im/lib/gcc/riscv32-unknown-elf/15.1.0/libgcc.a(eqdf2.o)
                0x000114fc                __eqdf2
                0x000114fc                __nedf2
 .text          0x00011580       0xd8 /opt/riscv32im/lib/gcc/riscv32-unknown-elf/15.1.0/libgcc.a(gedf2.o)
                0x00011580                __gtdf2
                0x00011580                __gedf2
 .text          0x00011658       0xd8 /opt/riscv32im/lib/gcc/riscv32-unknown-elf/15.1.0/libgcc.a(ledf2.o)
                0x00011658                __ltdf2
                0x00011658                __ledf2
 .text          0x00011730      0x5e8 /opt/riscv32im/lib/gcc/riscv32-unknown-elf/15.1.0/libgcc.a(muldf3.o)
                0x00011730                __muldf3
 .text          0x00011d18      0x760 /opt/riscv32im/lib/gcc/riscv32-unknown-elf/15.1.0/libgcc.a(subdf3.o)
                0x00011d18                __subdf3
 .text          0x00012478       0x7c /opt/riscv32im/lib/gcc/riscv32-unknown-elf/15.1.0/libgcc.a(fixdfsi.o)
                0x00012478                __fixdfsi
 .text          0x000124f4       0xa0 /opt/riscv32im/lib/gcc/riscv32-unknown-elf/15.1.0/libgcc.a(floatsidf.o)
                0x000124f4                __floatsidf
 .text          0x00012594       0xf0 /opt/riscv32im/lib/gcc/riscv32-unknown-elf/15.1.0/libgcc.a(eqtf2.o)
                0x00012594                __eqtf2
                0x00012594                __netf2
 .text          0x00012684      0x134 /opt/riscv32im/lib/gcc/riscv32-unknown-elf/15.1.0/libgcc.a(getf2.o)
                0x00012684                __getf2
                0x00012684                __gttf2
 .text          0x000127b8      0x134 /opt/riscv32im/lib/gcc/riscv32-unknown-elf/15.1.0/libgcc.a(letf2.o)
                0x000127b8                __letf2
                0x000127b8                __lttf2
 .text          0x000128ec      0xf40 /opt/riscv32im/lib/gcc/riscv32-unknown-elf/15.1.0/libgcc.a(multf3.o)
                0x000128ec                __multf3
 .text          0x0001382c     0x1318 /opt/riscv32im/lib/gcc/riscv32-unknown-elf/15.1.0/libgcc.a(subtf3.o)
                0x0001382c                __subtf3
 .text          0x00014b44       0x8c /opt/riscv32im/lib/gcc/riscv32-unknown-elf/15.1.0/libgcc.a(unordtf2.o)
                0x00014b44                __unordtf2
 .text          0x00014bd0       0xf4 /opt/riscv32im/lib/gcc/riscv32-unknown-elf/15.1.0/libgcc.a(fixtfsi.o)
                0x00014bd0                __fixtfsi
 .text          0x00014cc4      0x14c /opt/riscv32im/lib/gcc/riscv32-unknown-elf/15.1.0/libgcc.a(floatsitf.o)
                0x00014cc4                __floatsitf
 .text          0x00014e10      0x1f8 /opt/riscv32im/lib/gcc/riscv32-unknown-elf/15.1.0/libgcc.a(extenddftf2.o)
                0x00014e10                __extenddftf2
 .text          0x00015008       0x4c /opt/riscv32im/lib/gcc/riscv32-unknown-elf/15.1.0/libgcc.a(_clzsi2.o)
                0x00015008                __clzsi2
 .text          0x00015054        0x0 /opt/riscv32im/lib/gcc/riscv32-unknown-elf/15.1.0/libgcc.a(_clz.o)
 .text          0x00015054        0x0 /opt/riscv32im/lib/gcc/riscv32-unknown-elf/15.1.0/crtend.o
 *(.text.unlikely .text.*_unlikely .text.unlikely.*)
 *(.text.exit .text.exit.*)
 .text.exit     0x00015054       0x2c /opt/riscv32im/lib/gcc/riscv32-unknown-elf/15.1.0/../../../../riscv32-unknown-elf/lib/libc.a(libc_a-exit.o)
                0x00015054                exit
 *(.text.startup .text.startup.*)
 .text.startup  0x00015080      0x878 dhry_1.o
                0x00015080                main
 .text.startup.register_fini
                0x000158f8       0x18 /opt/riscv32im/lib/gcc/riscv32-unknown-elf/15.1.0/../../../../riscv32-unknown-elf/lib/libc.a(libc_a-__call_atexit.o)
 *(.text.hot .text.hot.*)
 *(.stub .text.* .gnu.linkonce.t.*)
 .text.malloc   0x00015910        0xc /opt/riscv32im/lib/gcc/riscv32-unknown-elf/15.1.0/../../../../riscv32-unknown-elf/lib/libc.a(libc_a-malloc.o)
                0x00015910                malloc
 .text.free     0x0001591c        0xc /opt/riscv32im/lib/gcc/riscv32-unknown-elf/15.1.0/../../../../riscv32-unknown-elf/lib/libc.a(libc_a-malloc.o)
                0x0001591c                free
 .text._malloc_r
                0x00015928      0x880 /opt/riscv32im/lib/gcc/riscv32-unknown-elf/15.1.0/../../../../riscv32-unknown-elf/lib/libc.a(libc_a-mallocr.o)
                0x00015928                _malloc_r
 .text.__malloc_lock
                0x000161a8        0x4 /opt/riscv32im/lib/gcc/riscv32-unknown-elf/15.1.0/../../../../riscv32-unknown-elf/lib/libc.a(libc_a-mlock.o)
                0x000161a8                __malloc_lock
 .text.__malloc_unlock
                0x000161ac        0x4 /opt/riscv32im/lib/gcc/riscv32-unknown-elf/15.1.0/../../../../riscv32-unknown-elf/lib/libc.a(libc_a-mlock.o)
                0x000161ac                __malloc_unlock
 .text.__fp_lock
                0x000161b0        0x8 /opt/riscv32im/lib/gcc/riscv32-unknown-elf/15.1.0/../../../../riscv32-unknown-elf/lib/libc.a(libc_a-findfp.o)
 .text.stdio_exit_handler
                0x000161b8       0x1c /opt/riscv32im/lib/gcc/riscv32-unknown-elf/15.1.0/../../../../riscv32-unknown-elf/lib/libc.a(libc_a-findfp.o)
 .text.cleanup_stdio
                0x000161d4       0x70 /opt/riscv32im/lib/gcc/riscv32-unknown-elf/15.1.0/../../../../riscv32-unknown-elf/lib/libc.a(libc_a-findfp.o)
 .text.__fp_unlock
                0x00016244        0x8 /opt/riscv32im/lib/gcc/riscv32-unknown-elf/15.1.0/../../../../riscv32-unknown-elf/lib/libc.a(libc_a-findfp.o)
 .text.global_stdio_init.part.0
                0x0001624c      0x16c /opt/riscv32im/lib/gcc/riscv32-unknown-elf/15.1.0/../../../../riscv32-unknown-elf/lib/libc.a(libc_a-findfp.o)
 .text.__sfp    0x000163b8      0x12c /opt/riscv32im/lib/gcc/riscv32-unknown-elf/15.1.0/../../../../riscv32-unknown-elf/lib/libc.a(libc_a-findfp.o)
                0x000163b8                __sfp
 .text.__sinit  0x000164e4       0x24 /opt/riscv32im/lib/gcc/riscv32-unknown-elf/15.1.0/../../../../riscv32-unknown-elf/lib/libc.a(libc_a-findfp.o)
                0x000164e4                __sinit
 .text.__sfp_lock_acquire
                0x00016508        0x4 /opt/riscv32im/lib/gcc/riscv32-unknown-elf/15.1.0/../../../../riscv32-unknown-elf/lib/libc.a(libc_a-findfp.o)
                0x00016508                __sfp_lock_acquire
 .text.__sfp_lock_release
                0x0001650c        0x4 /opt/riscv32im/lib/gcc/riscv32-unknown-elf/15.1.0/../../../../riscv32-unknown-elf/lib/libc.a(libc_a-findfp.o)
                0x0001650c                __sfp_lock_release
 .text.__fp_lock_all
                0x00016510       0x18 /opt/riscv32im/lib/gcc/riscv32-unknown-elf/15.1.0/../../../../riscv32-unknown-elf/lib/libc.a(libc_a-findfp.o)
                0x00016510                __fp_lock_all
 .text.__fp_unlock_all
                0x00016528       0x18 /opt/riscv32im/lib/gcc/riscv32-unknown-elf/15.1.0/../../../../riscv32-unknown-elf/lib/libc.a(libc_a-findfp.o)
                0x00016528                __fp_unlock_all
 .text._fwalk_sglue
                0x00016540       0xb4 /opt/riscv32im/lib/gcc/riscv32-unknown-elf/15.1.0/../../../../riscv32-unknown-elf/lib/libc.a(libc_a-fwalk.o)
                0x00016540                _fwalk_sglue
 .text._printf_r
                0x000165f4       0x48 /opt/riscv32im/lib/gcc/riscv32-unknown-elf/15.1.0/../../../../riscv32-unknown-elf/lib/libc.a(libc_a-printf.o)
                0x000165f4                _printf_r
 .text.printf   0x0001663c       0x4c /opt/riscv32im/lib/gcc/riscv32-unknown-elf/15.1.0/../../../../riscv32-unknown-elf/lib/libc.a(libc_a-printf.o)
                0x0001663c                printf
 .text._putchar_r
                0x00016688        0x8 /opt/riscv32im/lib/gcc/riscv32-unknown-elf/15.1.0/../../../../riscv32-unknown-elf/lib/libc.a(libc_a-putchar.o)
                0x00016688                _putchar_r
 .text.putchar  0x00016690       0x14 /opt/riscv32im/lib/gcc/riscv32-unknown-elf/15.1.0/../../../../riscv32-unknown-elf/lib/libc.a(libc_a-putchar.o)
                0x00016690                putchar
 .text._puts_r  0x000166a4       0xd4 /opt/riscv32im/lib/gcc/riscv32-unknown-elf/15.1.0/../../../../riscv32-unknown-elf/lib/libc.a(libc_a-puts.o)
                0x000166a4                _puts_r
 .text.puts     0x00016778        0xc /opt/riscv32im/lib/gcc/riscv32-unknown-elf/15.1.0/../../../../riscv32-unknown-elf/lib/libc.a(libc_a-puts.o)
                0x00016778                puts
 .text.__sread  0x00016784       0x5c /opt/riscv32im/lib/gcc/riscv32-unknown-elf/15.1.0/../../../../riscv32-unknown-elf/lib/libc.a(libc_a-stdio.o)
                0x00016784                __sread
 .text.__seofread
                0x000167e0        0x8 /opt/riscv32im/lib/gcc/riscv32-unknown-elf/15.1.0/../../../../riscv32-unknown-elf/lib/libc.a(libc_a-stdio.o)
                0x000167e0                __seofread
 .text.__swrite
                0x000167e8       0x88 /opt/riscv32im/lib/gcc/riscv32-unknown-elf/15.1.0/../../../../riscv32-unknown-elf/lib/libc.a(libc_a-stdio.o)
                0x000167e8                __swrite
 .text.__sseek  0x00016870       0x64 /opt/riscv32im/lib/gcc/riscv32-unknown-elf/15.1.0/../../../../riscv32-unknown-elf/lib/libc.a(libc_a-stdio.o)
                0x00016870                __sseek
 .text.__sclose
                0x000168d4        0x8 /opt/riscv32im/lib/gcc/riscv32-unknown-elf/15.1.0/../../../../riscv32-unknown-elf/lib/libc.a(libc_a-stdio.o)
                0x000168d4                __sclose
 .text._close_r
                0x000168dc       0x5c /opt/riscv32im/lib/gcc/riscv32-unknown-elf/15.1.0/../../../../riscv32-unknown-elf/lib/libc.a(libc_a-closer.o)
                0x000168dc                _close_r
 .text._reclaim_reent
                0x00016938       0xe4 /opt/riscv32im/lib/gcc/riscv32-unknown-elf/15.1.0/../../../../riscv32-unknown-elf/lib/libc.a(libc_a-reent.o)
                0x00016938                _reclaim_reent
 .text._lseek_r
                0x00016a1c       0x68 /opt/riscv32im/lib/gcc/riscv32-unknown-elf/15.1.0/../../../../riscv32-unknown-elf/lib/libc.a(libc_a-lseekr.o)
                0x00016a1c                _lseek_r
 .text._read_r  0x00016a84       0x68 /opt/riscv32im/lib/gcc/riscv32-unknown-elf/15.1.0/../../../../riscv32-unknown-elf/lib/libc.a(libc_a-readr.o)
                0x00016a84                _read_r
 .text._sbrk_r  0x00016aec       0x5c /opt/riscv32im/lib/gcc/riscv32-unknown-elf/15.1.0/../../../../riscv32-unknown-elf/lib/libc.a(libc_a-sbrkr.o)
                0x00016aec                _sbrk_r
 .text._write_r
                0x00016b48       0x68 /opt/riscv32im/lib/gcc/riscv32-unknown-elf/15.1.0/../../../../riscv32-unknown-elf/lib/libc.a(libc_a-writer.o)
                0x00016b48                _write_r
 .text.__errno  0x00016bb0        0x8 /opt/riscv32im/lib/gcc/riscv32-unknown-elf/15.1.0/../../../../riscv32-unknown-elf/lib/libc.a(libc_a-errno.o)
                0x00016bb0                __errno
 .text.__libc_init_array
                0x00016bb8       0x94 /opt/riscv32im/lib/gcc/riscv32-unknown-elf/15.1.0/../../../../riscv32-unknown-elf/lib/libc.a(libc_a-init.o)
                0x00016bb8                __libc_init_array
 .text.strlen   0x00016c4c       0x8c /opt/riscv32im/lib/gcc/riscv32-unknown-elf/15.1.0/../../../../riscv32-unknown-elf/lib/libc.a(libc_a-strlen.o)
                0x00016c4c                strlen
 .text.__call_exitprocs
                0x00016cd8      0x134 /opt/riscv32im/lib/gcc/riscv32-unknown-elf/15.1.0/../../../../riscv32-unknown-elf/lib/libc.a(libc_a-__call_atexit.o)
                0x00016cd8                __call_exitprocs
 .text.atexit   0x00016e0c       0x14 /opt/riscv32im/lib/gcc/riscv32-unknown-elf/15.1.0/../../../../riscv32-unknown-elf/lib/libc.a(libc_a-atexit.o)
                0x00016e0c                atexit
 .text._malloc_trim_r
                0x00016e20      0x12c /opt/riscv32im/lib/gcc/riscv32-unknown-elf/15.1.0/../../../../riscv32-unknown-elf/lib/libc.a(libc_a-freer.o)
                0x00016e20                _malloc_trim_r
 .text._free_r  0x00016f4c      0x2e8 /opt/riscv32im/lib/gcc/riscv32-unknown-elf/15.1.0/../../../../riscv32-unknown-elf/lib/libc.a(libc_a-freer.o)
                0x00016f4c                _free_r
 .text._vfprintf_r
                0x00017234     0x3084 /opt/riscv32im/lib/gcc/riscv32-unknown-elf/15.1.0/../../../../riscv32-unknown-elf/lib/libc.a(libc_a-vfprintf.o)
                0x00017234                _vfprintf_r
 .text.vfprintf
                0x0001a2b8       0x18 /opt/riscv32im/lib/gcc/riscv32-unknown-elf/15.1.0/../../../../riscv32-unknown-elf/lib/libc.a(libc_a-vfprintf.o)
                0x0001a2b8                vfprintf
 .text.__sbprintf
                0x0001a2d0       0xc0 /opt/riscv32im/lib/gcc/riscv32-unknown-elf/15.1.0/../../../../riscv32-unknown-elf/lib/libc.a(libc_a-vfprintf.o)
 .text.__sprint_r
                0x0001a390       0x3c /opt/riscv32im/lib/gcc/riscv32-unknown-elf/15.1.0/../../../../riscv32-unknown-elf/lib/libc.a(libc_a-sprint_r.o)
                0x0001a390                __sprint_r
 .text._fclose_r
                0x0001a3cc      0x108 /opt/riscv32im/lib/gcc/riscv32-unknown-elf/15.1.0/../../../../riscv32-unknown-elf/lib/libc.a(libc_a-fclose.o)
                0x0001a3cc                _fclose_r
 .text.fclose   0x0001a4d4        0xc /opt/riscv32im/lib/gcc/riscv32-unknown-elf/15.1.0/../../../../riscv32-unknown-elf/lib/libc.a(libc_a-fclose.o)
                0x0001a4d4                fclose
 .text.__sflush_r
                0x0001a4e0      0x25c /opt/riscv32im/lib/gcc/riscv32-unknown-elf/15.1.0/../../../../riscv32-unknown-elf/lib/libc.a(libc_a-fflush.o)
                0x0001a4e0                __sflush_r
 .text._fflush_r
                0x0001a73c       0x6c /opt/riscv32im/lib/gcc/riscv32-unknown-elf/15.1.0/../../../../riscv32-unknown-elf/lib/libc.a(libc_a-fflush.o)
                0x0001a73c                _fflush_r
 .text.fflush   0x0001a7a8       0x88 /opt/riscv32im/lib/gcc/riscv32-unknown-elf/15.1.0/../../../../riscv32-unknown-elf/lib/libc.a(libc_a-fflush.o)
                0x0001a7a8                fflush
 .text.__sfvwrite_r
                0x0001a830      0x4c0 /opt/riscv32im/lib/gcc/riscv32-unknown-elf/15.1.0/../../../../riscv32-unknown-elf/lib/libc.a(libc_a-fvwrite.o)
                0x0001a830                __sfvwrite_r
 .text._putc_r  0x0001acf0       0xcc /opt/riscv32im/lib/gcc/riscv32-unknown-elf/15.1.0/../../../../riscv32-unknown-elf/lib/libc.a(libc_a-putc.o)
                0x0001acf0                _putc_r
 .text.putc     0x0001adbc       0xe4 /opt/riscv32im/lib/gcc/riscv32-unknown-elf/15.1.0/../../../../riscv32-unknown-elf/lib/libc.a(libc_a-putc.o)
                0x0001adbc                putc
 .text.__swbuf_r
                0x0001aea0      0x164 /opt/riscv32im/lib/gcc/riscv32-unknown-elf/15.1.0/../../../../riscv32-unknown-elf/lib/libc.a(libc_a-wbuf.o)
                0x0001aea0                __swbuf_r
 .text.__swbuf  0x0001b004       0x14 /opt/riscv32im/lib/gcc/riscv32-unknown-elf/15.1.0/../../../../riscv32-unknown-elf/lib/libc.a(libc_a-wbuf.o)
                0x0001b004                __swbuf
 .text.__swsetup_r
                0x0001b018      0x164 /opt/riscv32im/lib/gcc/riscv32-unknown-elf/15.1.0/../../../../riscv32-unknown-elf/lib/libc.a(libc_a-wsetup.o)
                0x0001b018                __swsetup_r
 .text.memchr   0x0001b17c       0xa4 /opt/riscv32im/lib/gcc/riscv32-unknown-elf/15.1.0/../../../../riscv32-unknown-elf/lib/libc.a(libc_a-memchr.o)
                0x0001b17c                memchr
 .text.strncpy  0x0001b220       0xa8 /opt/riscv32im/lib/gcc/riscv32-unknown-elf/15.1.0/../../../../riscv32-unknown-elf/lib/libc.a(libc_a-strncpy.o)
                0x0001b220                strncpy
 .text.__localeconv_l
                0x0001b2c8        0x8 /opt/riscv32im/lib/gcc/riscv32-unknown-elf/15.1.0/../../../../riscv32-unknown-elf/lib/libc.a(libc_a-localeconv.o)
                0x0001b2c8                __localeconv_l
 .text._localeconv_r
                0x0001b2d0        0xc /opt/riscv32im/lib/gcc/riscv32-unknown-elf/15.1.0/../../../../riscv32-unknown-elf/lib/libc.a(libc_a-localeconv.o)
                0x0001b2d0                _localeconv_r
 .text.localeconv
                0x0001b2dc        0xc /opt/riscv32im/lib/gcc/riscv32-unknown-elf/15.1.0/../../../../riscv32-unknown-elf/lib/libc.a(libc_a-localeconv.o)
                0x0001b2dc                localeconv
 .text.__libc_fini_array
                0x0001b2e8       0x5c /opt/riscv32im/lib/gcc/riscv32-unknown-elf/15.1.0/../../../../riscv32-unknown-elf/lib/libc.a(libc_a-fini.o)
                0x0001b2e8                __libc_fini_array
 .text.memmove  0x0001b344      0x128 /opt/riscv32im/lib/gcc/riscv32-unknown-elf/15.1.0/../../../../riscv32-unknown-elf/lib/libc.a(libc_a-memmove-stub.o)
                0x0001b344                memmove
 .text.memcpy   0x0001b46c      0x128 /opt/riscv32im/lib/gcc/riscv32-unknown-elf/15.1.0/../../../../riscv32-unknown-elf/lib/libc.a(libc_a-memcpy.o)
                0x0001b46c                memcpy
 .text.frexpl   0x0001b594      0x180 /opt/riscv32im/lib/gcc/riscv32-unknown-elf/15.1.0/../../../../riscv32-unknown-elf/lib/libc.a(libm_a-frexpl.o)
                0x0001b594                frexpl
 .text.__register_exitproc
                0x0001b714       0x98 /opt/riscv32im/lib/gcc/riscv32-unknown-elf/15.1.0/../../../../riscv32-unknown-elf/lib/libc.a(libc_a-__atexit.o)
                0x0001b714                __register_exitproc
 .text._ldtoa_r
                0x0001b7ac      0x28c /opt/riscv32im/lib/gcc/riscv32-unknown-elf/15.1.0/../../../../riscv32-unknown-elf/lib/libc.a(libc_a-gdtoa-ldtoa.o)
                0x0001b7ac                _ldtoa_r
 .text._ldcheck
                0x0001ba38       0xf8 /opt/riscv32im/lib/gcc/riscv32-unknown-elf/15.1.0/../../../../riscv32-unknown-elf/lib/libc.a(libc_a-gdtoa-ldtoa.o)
                0x0001ba38                _ldcheck
 .text.__gdtoa  0x0001bb30     0x1c6c /opt/riscv32im/lib/gcc/riscv32-unknown-elf/15.1.0/../../../../riscv32-unknown-elf/lib/libc.a(libc_a-gdtoa-gdtoa.o)
                0x0001bb30                __gdtoa
 .text.__rv_alloc_D2A.part.0
                0x0001d79c       0x24 /opt/riscv32im/lib/gcc/riscv32-unknown-elf/15.1.0/../../../../riscv32-unknown-elf/lib/libc.a(libc_a-gdtoa-dmisc.o)
 .text.__rv_alloc_D2A
                0x0001d7c0       0x6c /opt/riscv32im/lib/gcc/riscv32-unknown-elf/15.1.0/../../../../riscv32-unknown-elf/lib/libc.a(libc_a-gdtoa-dmisc.o)
                0x0001d7c0                __rv_alloc_D2A
 .text.__nrv_alloc_D2A
                0x0001d82c       0xb4 /opt/riscv32im/lib/gcc/riscv32-unknown-elf/15.1.0/../../../../riscv32-unknown-elf/lib/libc.a(libc_a-gdtoa-dmisc.o)
                0x0001d82c                __nrv_alloc_D2A
 .text.__freedtoa
                0x0001d8e0       0x18 /opt/riscv32im/lib/gcc/riscv32-unknown-elf/15.1.0/../../../../riscv32-unknown-elf/lib/libc.a(libc_a-gdtoa-dmisc.o)
                0x0001d8e0                __freedtoa
 .text.__quorem_D2A
                0x0001d8f8      0x208 /opt/riscv32im/lib/gcc/riscv32-unknown-elf/15.1.0/../../../../riscv32-unknown-elf/lib/libc.a(libc_a-gdtoa-dmisc.o)
                0x0001d8f8                __quorem_D2A
 .text.__rshift_D2A
                0x0001db00       0xe4 /opt/riscv32im/lib/gcc/riscv32-unknown-elf/15.1.0/../../../../riscv32-unknown-elf/lib/libc.a(libc_a-gdtoa-gmisc.o)
                0x0001db00                __rshift_D2A
 .text.__trailz_D2A
                0x0001dbe4       0x6c /opt/riscv32im/lib/gcc/riscv32-unknown-elf/15.1.0/../../../../riscv32-unknown-elf/lib/libc.a(libc_a-gdtoa-gmisc.o)
                0x0001dbe4                __trailz_D2A
 .text._Balloc  0x0001dc50       0xac /opt/riscv32im/lib/gcc/riscv32-unknown-elf/15.1.0/../../../../riscv32-unknown-elf/lib/libc.a(libc_a-mprec.o)
                0x0001dc50                _Balloc
 .text._Bfree   0x0001dcfc       0x24 /opt/riscv32im/lib/gcc/riscv32-unknown-elf/15.1.0/../../../../riscv32-unknown-elf/lib/libc.a(libc_a-mprec.o)
                0x0001dcfc                _Bfree
 .text.__multadd
                0x0001dd20      0x158 /opt/riscv32im/lib/gcc/riscv32-unknown-elf/15.1.0/../../../../riscv32-unknown-elf/lib/libc.a(libc_a-mprec.o)
                0x0001dd20                __multadd
 .text.__s2b    0x0001de78      0x140 /opt/riscv32im/lib/gcc/riscv32-unknown-elf/15.1.0/../../../../riscv32-unknown-elf/lib/libc.a(libc_a-mprec.o)
                0x0001de78                __s2b
 .text.__hi0bits
                0x0001dfb8       0x8c /opt/riscv32im/lib/gcc/riscv32-unknown-elf/15.1.0/../../../../riscv32-unknown-elf/lib/libc.a(libc_a-mprec.o)
                0x0001dfb8                __hi0bits
 .text.__lo0bits
                0x0001e044      0x118 /opt/riscv32im/lib/gcc/riscv32-unknown-elf/15.1.0/../../../../riscv32-unknown-elf/lib/libc.a(libc_a-mprec.o)
                0x0001e044                __lo0bits
 .text.__i2b    0x0001e15c       0xd0 /opt/riscv32im/lib/gcc/riscv32-unknown-elf/15.1.0/../../../../riscv32-unknown-elf/lib/libc.a(libc_a-mprec.o)
                0x0001e15c                __i2b
 .text.__multiply
                0x0001e22c      0x24c /opt/riscv32im/lib/gcc/riscv32-unknown-elf/15.1.0/../../../../riscv32-unknown-elf/lib/libc.a(libc_a-mprec.o)
                0x0001e22c                __multiply
 .text.__pow5mult
                0x0001e478      0x168 /opt/riscv32im/lib/gcc/riscv32-unknown-elf/15.1.0/../../../../riscv32-unknown-elf/lib/libc.a(libc_a-mprec.o)
                0x0001e478                __pow5mult
 .text.__lshift
                0x0001e5e0      0x188 /opt/riscv32im/lib/gcc/riscv32-unknown-elf/15.1.0/../../../../riscv32-unknown-elf/lib/libc.a(libc_a-mprec.o)
                0x0001e5e0                __lshift
 .text.__mcmp   0x0001e768       0x58 /opt/riscv32im/lib/gcc/riscv32-unknown-elf/15.1.0/../../../../riscv32-unknown-elf/lib/libc.a(libc_a-mprec.o)
                0x0001e768                __mcmp
 .text.__mdiff  0x0001e7c0      0x238 /opt/riscv32im/lib/gcc/riscv32-unknown-elf/15.1.0/../../../../riscv32-unknown-elf/lib/libc.a(libc_a-mprec.o)
                0x0001e7c0                __mdiff
 .text.__ulp    0x0001e9f8       0x68 /opt/riscv32im/lib/gcc/riscv32-unknown-elf/15.1.0/../../../../riscv32-unknown-elf/lib/libc.a(libc_a-mprec.o)
                0x0001e9f8                __ulp
 .text.__b2d    0x0001ea60      0x118 /opt/riscv32im/lib/gcc/riscv32-unknown-elf/15.1.0/../../../../riscv32-unknown-elf/lib/libc.a(libc_a-mprec.o)
                0x0001ea60                __b2d
 .text.__d2b    0x0001eb78      0x148 /opt/riscv32im/lib/gcc/riscv32-unknown-elf/15.1.0/../../../../riscv32-unknown-elf/lib/libc.a(libc_a-mprec.o)
                0x0001eb78                __d2b
 .text.__ratio  0x0001ecc0       0xa4 /opt/riscv32im/lib/gcc/riscv32-unknown-elf/15.1.0/../../../../riscv32-unknown-elf/lib/libc.a(libc_a-mprec.o)
                0x0001ecc0                __ratio
 .text._mprec_log10
                0x0001ed64       0x94 /opt/riscv32im/lib/gcc/riscv32-unknown-elf/15.1.0/../../../../riscv32-unknown-elf/lib/libc.a(libc_a-mprec.o)
                0x0001ed64                _mprec_log10
 .text.__copybits
                0x0001edf8       0x68 /opt/riscv32im/lib/gcc/riscv32-unknown-elf/15.1.0/../../../../riscv32-unknown-elf/lib/libc.a(libc_a-mprec.o)
                0x0001edf8                __copybits
 .text.__any_on
                0x0001ee60       0x64 /opt/riscv32im/lib/gcc/riscv32-unknown-elf/15.1.0/../../../../riscv32-unknown-elf/lib/libc.a(libc_a-mprec.o)
                0x0001ee60                __any_on
 .text._realloc_r
                0x0001eec4      0x630 /opt/riscv32im/lib/gcc/riscv32-unknown-elf/15.1.0/../../../../riscv32-unknown-elf/lib/libc.a(libc_a-reallocr.o)
                0x0001eec4                _realloc_r
 .text.__smakebuf_r
                0x0001f4f4      0x178 /opt/riscv32im/lib/gcc/riscv32-unknown-elf/15.1.0/../../../../riscv32-unknown-elf/lib/libc.a(libc_a-makebuf.o)
                0x0001f4f4                __smakebuf_r
 .text.__swhatbuf_r
                0x0001f66c       0xf4 /opt/riscv32im/lib/gcc/riscv32-unknown-elf/15.1.0/../../../../riscv32-unknown-elf/lib/libc.a(libc_a-makebuf.o)
                0x0001f66c                __swhatbuf_r
 .text._setlocale_r
                0x0001f760       0x84 /opt/riscv32im/lib/gcc/riscv32-unknown-elf/15.1.0/../../../../riscv32-unknown-elf/lib/libc.a(libc_a-locale.o)
                0x0001f760                _setlocale_r
 .text.__locale_mb_cur_max
                0x0001f7e4        0xc /opt/riscv32im/lib/gcc/riscv32-unknown-elf/15.1.0/../../../../riscv32-unknown-elf/lib/libc.a(libc_a-locale.o)
                0x0001f7e4                __locale_mb_cur_max
 .text.setlocale
                0x0001f7f0       0x84 /opt/riscv32im/lib/gcc/riscv32-unknown-elf/15.1.0/../../../../riscv32-unknown-elf/lib/libc.a(libc_a-locale.o)
                0x0001f7f0                setlocale
 .text._fstat_r
                0x0001f874       0x64 /opt/riscv32im/lib/gcc/riscv32-unknown-elf/15.1.0/../../../../riscv32-unknown-elf/lib/libc.a(libc_a-fstatr.o)
                0x0001f874                _fstat_r
 .text._isatty_r
                0x0001f8d8       0x5c /opt/riscv32im/lib/gcc/riscv32-unknown-elf/15.1.0/../../../../riscv32-unknown-elf/lib/libc.a(libc_a-isattyr.o)
                0x0001f8d8                _isatty_r
 .text.__assert_func
                0x0001f934       0x50 /opt/riscv32im/lib/gcc/riscv32-unknown-elf/15.1.0/../../../../riscv32-unknown-elf/lib/libc.a(libc_a-assert.o)
                0x0001f934                __assert_func
 .text.__assert
                0x0001f984       0x14 /opt/riscv32im/lib/gcc/riscv32-unknown-elf/15.1.0/../../../../riscv32-unknown-elf/lib/libc.a(libc_a-assert.o)
                0x0001f984                __assert
 .text._calloc_r
                0x0001f998       0xe0 /opt/riscv32im/lib/gcc/riscv32-unknown-elf/15.1.0/../../../../riscv32-unknown-elf/lib/libc.a(libc_a-callocr.o)
                0x0001f998                _calloc_r
 .text._mbtowc_r
                0x0001fa78        0xc /opt/riscv32im/lib/gcc/riscv32-unknown-elf/15.1.0/../../../../riscv32-unknown-elf/lib/libc.a(libc_a-mbtowc_r.o)
                0x0001fa78                _mbtowc_r
 .text.__ascii_mbtowc
                0x0001fa84       0x68 /opt/riscv32im/lib/gcc/riscv32-unknown-elf/15.1.0/../../../../riscv32-unknown-elf/lib/libc.a(libc_a-mbtowc_r.o)
                0x0001fa84                __ascii_mbtowc
 .text._wctomb_r
                0x0001faec        0xc /opt/riscv32im/lib/gcc/riscv32-unknown-elf/15.1.0/../../../../riscv32-unknown-elf/lib/libc.a(libc_a-wctomb_r.o)
                0x0001faec                _wctomb_r
 .text.__ascii_wctomb
                0x0001faf8       0x30 /opt/riscv32im/lib/gcc/riscv32-unknown-elf/15.1.0/../../../../riscv32-unknown-elf/lib/libc.a(libc_a-wctomb_r.o)
                0x0001faf8                __ascii_wctomb
 .text._fiprintf_r
                0x0001fb28       0x38 /opt/riscv32im/lib/gcc/riscv32-unknown-elf/15.1.0/../../../../riscv32-unknown-elf/lib/libc.a(libc_a-fiprintf.o)
                0x0001fb28                _fiprintf_r
 .text.fiprintf
                0x0001fb60       0x50 /opt/riscv32im/lib/gcc/riscv32-unknown-elf/15.1.0/../../../../riscv32-unknown-elf/lib/libc.a(libc_a-fiprintf.o)
                0x0001fb60                fiprintf
 .text._vfiprintf_r
                0x0001fbb0     0x1384 /opt/riscv32im/lib/gcc/riscv32-unknown-elf/15.1.0/../../../../riscv32-unknown-elf/lib/libc.a(libc_a-vfiprintf.o)
                0x0001fbb0                _vfiprintf_r
 .text.vfiprintf
                0x00020f34       0x18 /opt/riscv32im/lib/gcc/riscv32-unknown-elf/15.1.0/../../../../riscv32-unknown-elf/lib/libc.a(libc_a-vfiprintf.o)
                0x00020f34                vfiprintf
 .text.__sbprintf
                0x00020f4c       0xc0 /opt/riscv32im/lib/gcc/riscv32-unknown-elf/15.1.0/../../../../riscv32-unknown-elf/lib/libc.a(libc_a-vfiprintf.o)
 .text.abort    0x0002100c       0x18 /opt/riscv32im/lib/gcc/riscv32-unknown-elf/15.1.0/../../../../riscv32-unknown-elf/lib/libc.a(libc_a-abort.o)
                0x0002100c                abort
 .text._init_signal_r
                0x00021024       0x58 /opt/riscv32im/lib/gcc/riscv32-unknown-elf/15.1.0/../../../../riscv32-unknown-elf/lib/libc.a(libc_a-signal.o)
                0x00021024                _init_signal_r
 .text._signal_r
                0x0002107c       0x9c /opt/riscv32im/lib/gcc/riscv32-unknown-elf/15.1.0/../../../../riscv32-unknown-elf/lib/libc.a(libc_a-signal.o)
                0x0002107c                _signal_r
 .text._raise_r
                0x00021118       0xa8 /opt/riscv32im/lib/gcc/riscv32-unknown-elf/15.1.0/../../../../riscv32-unknown-elf/lib/libc.a(libc_a-signal.o)
                0x00021118                _raise_r
 .text.__sigtramp_r
                0x000211c0       0xcc /opt/riscv32im/lib/gcc/riscv32-unknown-elf/15.1.0/../../../../riscv32-unknown-elf/lib/libc.a(libc_a-signal.o)
                0x000211c0                __sigtramp_r
 .text.raise    0x0002128c       0xa8 /opt/riscv32im/lib/gcc/riscv32-unknown-elf/15.1.0/../../../../riscv32-unknown-elf/lib/libc.a(libc_a-signal.o)
                0x0002128c                raise
 .text.signal   0x00021334       0xa4 /opt/riscv32im/lib/gcc/riscv32-unknown-elf/15.1.0/../../../../riscv32-unknown-elf/lib/libc.a(libc_a-signal.o)
                0x00021334                signal
 .text._init_signal
                0x000213d8       0x60 /opt/riscv32im/lib/gcc/riscv32-unknown-elf/15.1.0/../../../../riscv32-unknown-elf/lib/libc.a(libc_a-signal.o)
                0x000213d8                _init_signal
 .text.__sigtramp
                0x00021438       0xd4 /opt/riscv32im/lib/gcc/riscv32-unknown-elf/15.1.0/../../../../riscv32-unknown-elf/lib/libc.a(libc_a-signal.o)
                0x00021438                __sigtramp
 .text._kill_r  0x0002150c       0x64 /opt/riscv32im/lib/gcc/riscv32-unknown-elf/15.1.0/../../../../riscv32-unknown-elf/lib/libc.a(libc_a-signalr.o)
                0x0002150c                _kill_r
 .text._getpid_r
                0x00021570        0x4 /opt/riscv32im/lib/gcc/riscv32-unknown-elf/15.1.0/../../../../riscv32-unknown-elf/lib/libc.a(libc_a-signalr.o)
                0x00021570                _getpid_r
 *(.gnu.warning)

.init
 *(SORT_NONE(.init))

.plt
 *(.plt)

.iplt
 *(.iplt)

.fini
 *(SORT_NONE(.fini))
                [!provide]                        PROVIDE (__etext = .)
                [!provide]                        PROVIDE (_etext = .)
                [!provide]                        PROVIDE (etext = .)

.rodata         0x00021578      0xe2c
 *(.rodata .rodata.* .gnu.linkonce.r.*)
 .rodata.str1.4
                0x00021578      0x797 dhry_1.o
                                0x5bb (size before relaxing)
 .rodata.str1.4
                0x00021d0f       0x23 syscalls.o
 .rodata._puts_r.str1.4
                0x00021d0f        0x2 /opt/riscv32im/lib/gcc/riscv32-unknown-elf/15.1.0/../../../../riscv32-unknown-elf/lib/libc.a(libc_a-puts.o)
 .rodata._vfprintf_r.str1.4
                0x00021d0f       0x42 /opt/riscv32im/lib/gcc/riscv32-unknown-elf/15.1.0/../../../../riscv32-unknown-elf/lib/libc.a(libc_a-vfprintf.o)
 *fill*         0x00021d0f        0x1 
 .rodata._vfprintf_r
                0x00021d10      0x16c /opt/riscv32im/lib/gcc/riscv32-unknown-elf/15.1.0/../../../../riscv32-unknown-elf/lib/libc.a(libc_a-vfprintf.o)
 .rodata.zeroes.0
                0x00021e7c       0x10 /opt/riscv32im/lib/gcc/riscv32-unknown-elf/15.1.0/../../../../riscv32-unknown-elf/lib/libc.a(libc_a-vfprintf.o)
 .rodata.blanks.1
                0x00021e8c       0x10 /opt/riscv32im/lib/gcc/riscv32-unknown-elf/15.1.0/../../../../riscv32-unknown-elf/lib/libc.a(libc_a-vfprintf.o)
 .rodata        0x00021e9c       0x14 /opt/riscv32im/lib/gcc/riscv32-unknown-elf/15.1.0/../../../../riscv32-unknown-elf/lib/libc.a(libc_a-gdtoa-ldtoa.o)
 .rodata.__gdtoa.str1.4
                0x00021eb0       0x12 /opt/riscv32im/lib/gcc/riscv32-unknown-elf/15.1.0/../../../../riscv32-unknown-elf/lib/libc.a(libc_a-gdtoa-gdtoa.o)
 .rodata.__rv_alloc_D2A.part.0.str1.4
                0x00021eb0       0x95 /opt/riscv32im/lib/gcc/riscv32-unknown-elf/15.1.0/../../../../riscv32-unknown-elf/lib/libc.a(libc_a-gdtoa-dmisc.o)
 .rodata.__multadd.str1.4
                0x00021eb0       0x8f /opt/riscv32im/lib/gcc/riscv32-unknown-elf/15.1.0/../../../../riscv32-unknown-elf/lib/libc.a(libc_a-mprec.o)
 .rodata.p05.0  0x00021eb0        0xc /opt/riscv32im/lib/gcc/riscv32-unknown-elf/15.1.0/../../../../riscv32-unknown-elf/lib/libc.a(libc_a-mprec.o)
 *fill*         0x00021ebc        0x4 
 .rodata.__mprec_tinytens
                0x00021ec0       0x28 /opt/riscv32im/lib/gcc/riscv32-unknown-elf/15.1.0/../../../../riscv32-unknown-elf/lib/libc.a(libc_a-mprec.o)
                0x00021ec0                __mprec_tinytens
 .rodata.__mprec_bigtens
                0x00021ee8       0x28 /opt/riscv32im/lib/gcc/riscv32-unknown-elf/15.1.0/../../../../riscv32-unknown-elf/lib/libc.a(libc_a-mprec.o)
                0x00021ee8                __mprec_bigtens
 .rodata.__mprec_tens
                0x00021f10       0xc8 /opt/riscv32im/lib/gcc/riscv32-unknown-elf/15.1.0/../../../../riscv32-unknown-elf/lib/libc.a(libc_a-mprec.o)
                0x00021f10                __mprec_tens
 .rodata._setlocale_r.str1.4
                0x00021fd8        0xd /opt/riscv32im/lib/gcc/riscv32-unknown-elf/15.1.0/../../../../riscv32-unknown-elf/lib/libc.a(libc_a-locale.o)
 .rodata.str1.4
                0x00021fd8        0x2 /opt/riscv32im/lib/gcc/riscv32-unknown-elf/15.1.0/../../../../riscv32-unknown-elf/lib/libc.a(libc_a-locale.o)
 .rodata.__assert_func.str1.4
                0x00021fd8       0x43 /opt/riscv32im/lib/gcc/riscv32-unknown-elf/15.1.0/../../../../riscv32-unknown-elf/lib/libc.a(libc_a-assert.o)
 .rodata._ctype_
                0x00021fd8      0x101 /opt/riscv32im/lib/gcc/riscv32-unknown-elf/15.1.0/../../../../riscv32-unknown-elf/lib/libc.a(libc_a-ctype_.o)
                0x00021fd8                _ctype_
 .rodata._vfiprintf_r.str1.4
                0x000220d9       0x2f /opt/riscv32im/lib/gcc/riscv32-unknown-elf/15.1.0/../../../../riscv32-unknown-elf/lib/libc.a(libc_a-vfiprintf.o)
 *fill*         0x000220d9        0x3 
 .rodata._vfiprintf_r
                0x000220dc      0x16c /opt/riscv32im/lib/gcc/riscv32-unknown-elf/15.1.0/../../../../riscv32-unknown-elf/lib/libc.a(libc_a-vfiprintf.o)
 .rodata.zeroes.0
                0x00022248       0x10 /opt/riscv32im/lib/gcc/riscv32-unknown-elf/15.1.0/../../../../riscv32-unknown-elf/lib/libc.a(libc_a-vfiprintf.o)
 .rodata.blanks.1
                0x00022258       0x10 /opt/riscv32im/lib/gcc/riscv32-unknown-elf/15.1.0/../../../../riscv32-unknown-elf/lib/libc.a(libc_a-vfiprintf.o)
 .rodata        0x00022268       0x3c /opt/riscv32im/lib/gcc/riscv32-unknown-elf/15.1.0/libgcc.a(divdf3.o)
 .rodata        0x000222a4      0x100 /opt/riscv32im/lib/gcc/riscv32-unknown-elf/15.1.0/libgcc.a(_clz.o)
                0x000222a4                __clz_tab

.rodata1
 *(.rodata1)

.sdata2
 *(.sdata2 .sdata2.* .gnu.linkonce.s2.*)

.sbss2
 *(.sbss2 .sbss2.* .gnu.linkonce.sb2.*)

.eh_frame_hdr
 *(.eh_frame_hdr)
 *(.eh_frame_entry .eh_frame_entry.*)

.eh_frame       0x000223a4        0x4
 *(.eh_frame)
 .eh_frame      0x000223a4        0x0 /opt/riscv32im/lib/gcc/riscv32-unknown-elf/15.1.0/crtbegin.o
 .eh_frame      0x000223a4        0x4 /opt/riscv32im/lib/gcc/riscv32-unknown-elf/15.1.0/crtend.o
 *(.eh_frame.*)

.rela.dyn       0x000223a8        0x0
 .rela.text     0x000223a8        0x0 /opt/riscv32im/lib/gcc/riscv32-unknown-elf/15.1.0/../../../../riscv32-unknown-elf/lib/crt0.o
 .rela.text.__libc_init_array
                0x000223a8        0x0 /opt/riscv32im/lib/gcc/riscv32-unknown-elf/15.1.0/../../../../riscv32-unknown-elf/lib/crt0.o
 .rela.text.startup.register_fini
                0x000223a8        0x0 /opt/riscv32im/lib/gcc/riscv32-unknown-elf/15.1.0/../../../../riscv32-unknown-elf/lib/crt0.o
 .rela.text.__libc_fini_array
                0x000223a8        0x0 /opt/riscv32im/lib/gcc/riscv32-unknown-elf/15.1.0/../../../../riscv32-unknown-elf/lib/crt0.o

.gcc_except_table
 *(.gcc_except_table .gcc_except_table.*)

.gnu_extab
 *(.gnu_extab*)

.exception_ranges
 *(.exception_ranges .exception_ranges*)
                0x000233a8                        . = DATA_SEGMENT_ALIGN (CONSTANT (MAXPAGESIZE), CONSTANT (COMMONPAGESIZE))

.eh_frame
 *(.eh_frame)
 *(.eh_frame.*)

.gnu_extab
 *(.gnu_extab)

.gcc_except_table
 *(.gcc_except_table .gcc_except_table.*)

.exception_ranges
 *(.exception_ranges .exception_ranges*)

.tdata
 *(.tdata .tdata.* .gnu.linkonce.td.*)

.tbss
 *(.tbss .tbss.* .gnu.linkonce.tb.*)
 *(.tcommon)

.preinit_array  0x000233a8        0x0
                0x000233a8                        PROVIDE (__preinit_array_start = .)
 *(.preinit_array)
                0x000233a8                        PROVIDE (__preinit_array_end = .)

.init_array     0x000233a8        0x8
                0x000233a8                        PROVIDE (__init_array_start = .)
 *(SORT_BY_INIT_PRIORITY(.init_array.*) SORT_BY_INIT_PRIORITY(.ctors.*))
 .init_array.00000
                0x000233a8        0x4 /opt/riscv32im/lib/gcc/riscv32-unknown-elf/15.1.0/../../../../riscv32-unknown-elf/lib/libc.a(libc_a-__call_atexit.o)
 *(.init_array EXCLUDE_FILE(*crtend?.o *crtend.o *crtbegin?.o *crtbegin.o) .ctors)
 .init_array    0x000233ac        0x4 /opt/riscv32im/lib/gcc/riscv32-unknown-elf/15.1.0/crtbegin.o
                0x000233b0                        PROVIDE (__init_array_end = .)

.fini_array     0x000233b0        0x4
                0x000233b0                        PROVIDE (__fini_array_start = .)
 *(SORT_BY_INIT_PRIORITY(.fini_array.*) SORT_BY_INIT_PRIORITY(.dtors.*))
 *(.fini_array EXCLUDE_FILE(*crtend?.o *crtend.o *crtbegin?.o *crtbegin.o) .dtors)
 .fini_array    0x000233b0        0x4 /opt/riscv32im/lib/gcc/riscv32-unknown-elf/15.1.0/crtbegin.o
                0x000233b4                        PROVIDE (__fini_array_end = .)

.ctors
 *crtbegin.o(.ctors)
 *crtbegin?.o(.ctors)
 *(EXCLUDE_FILE(*crtend?.o *crtend.o) .ctors)
 *(SORT_BY_NAME(.ctors.*))
 *(.ctors)

.dtors
 *crtbegin.o(.dtors)
 *crtbegin?.o(.dtors)
 *(EXCLUDE_FILE(*crtend?.o *crtend.o) .dtors)
 *(SORT_BY_NAME(.dtors.*))
 *(.dtors)

.jcr
 *(.jcr)

.data.rel.ro
 *(.data.rel.ro.local* .gnu.linkonce.d.rel.ro.local.*)
 *(.data.rel.ro .data.rel.ro.* .gnu.linkonce.d.rel.ro.*)

.dynamic
 *(.dynamic)
                0x000233b4                        . = DATA_SEGMENT_RELRO_END (., 0x0)

.data           0x000233b8      0x6a4
 *(.data .data.* .gnu.linkonce.d.*)
 .data          0x000233b8        0x0 /opt/riscv32im/lib/gcc/riscv32-unknown-elf/15.1.0/../../../../riscv32-unknown-elf/lib/crt0.o
 .data          0x000233b8        0x0 /opt/riscv32im/lib/gcc/riscv32-unknown-elf/15.1.0/crtbegin.o
 .data          0x000233b8        0x0 dhry_1.o
 .data          0x000233b8        0x0 dhry_2.o
 .data          0x000233b8        0x0 stdlib.o
 .data          0x000233b8        0x0 syscalls.o
 .data          0x000233b8        0x0 /opt/riscv32im/lib/gcc/riscv32-unknown-elf/15.1.0/../../../../riscv32-unknown-elf/lib/libc.a(libc_a-exit.o)
 .data          0x000233b8        0x0 /opt/riscv32im/lib/gcc/riscv32-unknown-elf/15.1.0/../../../../riscv32-unknown-elf/lib/libc.a(libc_a-malloc.o)
 .data          0x000233b8        0x0 /opt/riscv32im/lib/gcc/riscv32-unknown-elf/15.1.0/../../../../riscv32-unknown-elf/lib/libc.a(libc_a-mallocr.o)
 .data.__malloc_av_
                0x000233b8      0x408 /opt/riscv32im/lib/gcc/riscv32-unknown-elf/15.1.0/../../../../riscv32-unknown-elf/lib/libc.a(libc_a-mallocr.o)
                0x000233b8                __malloc_av_
 .data          0x000237c0        0x0 /opt/riscv32im/lib/gcc/riscv32-unknown-elf/15.1.0/../../../../riscv32-unknown-elf/lib/libc.a(libc_a-mlock.o)
 .data          0x000237c0        0x0 /opt/riscv32im/lib/gcc/riscv32-unknown-elf/15.1.0/../../../../riscv32-unknown-elf/lib/libc.a(libc_a-findfp.o)
 .data.__sglue  0x000237c0        0xc /opt/riscv32im/lib/gcc/riscv32-unknown-elf/15.1.0/../../../../riscv32-unknown-elf/lib/libc.a(libc_a-findfp.o)
                0x000237c0                __sglue
 .data          0x000237cc        0x0 /opt/riscv32im/lib/gcc/riscv32-unknown-elf/15.1.0/../../../../riscv32-unknown-elf/lib/libc.a(libc_a-fwalk.o)
 .data          0x000237cc        0x0 /opt/riscv32im/lib/gcc/riscv32-unknown-elf/15.1.0/../../../../riscv32-unknown-elf/lib/libc.a(libc_a-printf.o)
 .data          0x000237cc        0x0 /opt/riscv32im/lib/gcc/riscv32-unknown-elf/15.1.0/../../../../riscv32-unknown-elf/lib/libc.a(libc_a-putchar.o)
 .data          0x000237cc        0x0 /opt/riscv32im/lib/gcc/riscv32-unknown-elf/15.1.0/../../../../riscv32-unknown-elf/lib/libc.a(libc_a-puts.o)
 .data          0x000237cc        0x0 /opt/riscv32im/lib/gcc/riscv32-unknown-elf/15.1.0/../../../../riscv32-unknown-elf/lib/libc.a(libc_a-stdio.o)
 .data          0x000237cc        0x0 /opt/riscv32im/lib/gcc/riscv32-unknown-elf/15.1.0/../../../../riscv32-unknown-elf/lib/libc.a(libc_a-closer.o)
 .data          0x000237cc        0x0 /opt/riscv32im/lib/gcc/riscv32-unknown-elf/15.1.0/../../../../riscv32-unknown-elf/lib/libc.a(libc_a-reent.o)
 .data          0x000237cc        0x0 /opt/riscv32im/lib/gcc/riscv32-unknown-elf/15.1.0/../../../../riscv32-unknown-elf/lib/libc.a(libc_a-impure.o)
 *fill*         0x000237cc        0x4 
 .data._impure_data
                0x000237d0      0x120 /opt/riscv32im/lib/gcc/riscv32-unknown-elf/15.1.0/../../../../riscv32-unknown-elf/lib/libc.a(libc_a-impure.o)
                0x000237d0                _impure_data
 .data          0x000238f0        0x0 /opt/riscv32im/lib/gcc/riscv32-unknown-elf/15.1.0/../../../../riscv32-unknown-elf/lib/libc.a(libc_a-lseekr.o)
 .data          0x000238f0        0x0 /opt/riscv32im/lib/gcc/riscv32-unknown-elf/15.1.0/../../../../riscv32-unknown-elf/lib/libc.a(libc_a-readr.o)
 .data          0x000238f0        0x0 /opt/riscv32im/lib/gcc/riscv32-unknown-elf/15.1.0/../../../../riscv32-unknown-elf/lib/libc.a(libc_a-sbrkr.o)
 .data          0x000238f0        0x0 /opt/riscv32im/lib/gcc/riscv32-unknown-elf/15.1.0/../../../../riscv32-unknown-elf/lib/libc.a(libc_a-writer.o)
 .data          0x000238f0        0x0 /opt/riscv32im/lib/gcc/riscv32-unknown-elf/15.1.0/../../../../riscv32-unknown-elf/lib/libc.a(libc_a-errno.o)
 .data          0x000238f0        0x0 /opt/riscv32im/lib/gcc/riscv32-unknown-elf/15.1.0/../../../../riscv32-unknown-elf/lib/libc.a(libc_a-init.o)
 .data          0x000238f0        0x0 /opt/riscv32im/lib/gcc/riscv32-unknown-elf/15.1.0/../../../../riscv32-unknown-elf/lib/libc.a(libc_a-memset.o)
 .data          0x000238f0        0x0 /opt/riscv32im/lib/gcc/riscv32-unknown-elf/15.1.0/../../../../riscv32-unknown-elf/lib/libc.a(libc_a-strlen.o)
 .data          0x000238f0        0x0 /opt/riscv32im/lib/gcc/riscv32-unknown-elf/15.1.0/../../../../riscv32-unknown-elf/lib/libc.a(libc_a-strcmp.o)
 .data          0x000238f0        0x0 /opt/riscv32im/lib/gcc/riscv32-unknown-elf/15.1.0/../../../../riscv32-unknown-elf/lib/libc.a(libc_a-__call_atexit.o)
 .data          0x000238f0        0x0 /opt/riscv32im/lib/gcc/riscv32-unknown-elf/15.1.0/../../../../riscv32-unknown-elf/lib/libc.a(libc_a-atexit.o)
 .data          0x000238f0        0x0 /opt/riscv32im/lib/gcc/riscv32-unknown-elf/15.1.0/../../../../riscv32-unknown-elf/lib/libc.a(libc_a-freer.o)
 .data          0x000238f0        0x0 /opt/riscv32im/lib/gcc/riscv32-unknown-elf/15.1.0/../../../../riscv32-unknown-elf/lib/libc.a(libc_a-vfprintf.o)
 .data          0x000238f0        0x0 /opt/riscv32im/lib/gcc/riscv32-unknown-elf/15.1.0/../../../../riscv32-unknown-elf/lib/libc.a(libc_a-sprint_r.o)
 .data          0x000238f0        0x0 /opt/riscv32im/lib/gcc/riscv32-unknown-elf/15.1.0/../../../../riscv32-unknown-elf/lib/libc.a(libc_a-fclose.o)
 .data          0x000238f0        0x0 /opt/riscv32im/lib/gcc/riscv32-unknown-elf/15.1.0/../../../../riscv32-unknown-elf/lib/libc.a(libc_a-fflush.o)
 .data          0x000238f0        0x0 /opt/riscv32im/lib/gcc/riscv32-unknown-elf/15.1.0/../../../../riscv32-unknown-elf/lib/libc.a(libc_a-fvwrite.o)
 .data          0x000238f0        0x0 /opt/riscv32im/lib/gcc/riscv32-unknown-elf/15.1.0/../../../../riscv32-unknown-elf/lib/libc.a(libc_a-putc.o)
 .data          0x000238f0        0x0 /opt/riscv32im/lib/gcc/riscv32-unknown-elf/15.1.0/../../../../riscv32-unknown-elf/lib/libc.a(libc_a-wbuf.o)
 .data          0x000238f0        0x0 /opt/riscv32im/lib/gcc/riscv32-unknown-elf/15.1.0/../../../../riscv32-unknown-elf/lib/libc.a(libc_a-wsetup.o)
 .data          0x000238f0        0x0 /opt/riscv32im/lib/gcc/riscv32-unknown-elf/15.1.0/../../../../riscv32-unknown-elf/lib/libc.a(libc_a-memchr.o)
 .data          0x000238f0        0x0 /opt/riscv32im/lib/gcc/riscv32-unknown-elf/15.1.0/../../../../riscv32-unknown-elf/lib/libc.a(libc_a-strncpy.o)
 .data          0x000238f0        0x0 /opt/riscv32im/lib/gcc/riscv32-unknown-elf/15.1.0/../../../../riscv32-unknown-elf/lib/libc.a(libc_a-localeconv.o)
 .data          0x000238f0        0x0 /opt/riscv32im/lib/gcc/riscv32-unknown-elf/15.1.0/../../../../riscv32-unknown-elf/lib/libc.a(libc_a-fini.o)
 .data          0x000238f0        0x0 /opt/riscv32im/lib/gcc/riscv32-unknown-elf/15.1.0/../../../../riscv32-unknown-elf/lib/libc.a(libc_a-memmove-stub.o)
 .data          0x000238f0        0x0 /opt/riscv32im/lib/gcc/riscv32-unknown-elf/15.1.0/../../../../riscv32-unknown-elf/lib/libc.a(libc_a-memcpy.o)
 .data          0x000238f0        0x0 /opt/riscv32im/lib/gcc/riscv32-unknown-elf/15.1.0/../../../../riscv32-unknown-elf/lib/libc.a(libm_a-frexpl.o)
 .data          0x000238f0        0x0 /opt/riscv32im/lib/gcc/riscv32-unknown-elf/15.1.0/../../../../riscv32-unknown-elf/lib/libc.a(libc_a-__atexit.o)
 .data          0x000238f0        0x0 /opt/riscv32im/lib/gcc/riscv32-unknown-elf/15.1.0/../../../../riscv32-unknown-elf/lib/libc.a(libc_a-gdtoa-ldtoa.o)
 .data          0x000238f0        0x0 /opt/riscv32im/lib/gcc/riscv32-unknown-elf/15.1.0/../../../../riscv32-unknown-elf/lib/libc.a(libc_a-gdtoa-gdtoa.o)
 .data          0x000238f0        0x0 /opt/riscv32im/lib/gcc/riscv32-unknown-elf/15.1.0/../../../../riscv32-unknown-elf/lib/libc.a(libc_a-gdtoa-dmisc.o)
 .data          0x000238f0        0x0 /opt/riscv32im/lib/gcc/riscv32-unknown-elf/15.1.0/../../../../riscv32-unknown-elf/lib/libc.a(libc_a-gdtoa-gmisc.o)
 .data          0x000238f0        0x0 /opt/riscv32im/lib/gcc/riscv32-unknown-elf/15.1.0/../../../../riscv32-unknown-elf/lib/libc.a(libc_a-mprec.o)
 .data          0x000238f0        0x0 /opt/riscv32im/lib/gcc/riscv32-unknown-elf/15.1.0/../../../../riscv32-unknown-elf/lib/libc.a(libc_a-reallocr.o)
 .data          0x000238f0        0x0 /opt/riscv32im/lib/gcc/riscv32-unknown-elf/15.1.0/../../../../riscv32-unknown-elf/lib/libc.a(libc_a-makebuf.o)
 .data          0x000238f0        0x0 /opt/riscv32im/lib/gcc/riscv32-unknown-elf/15.1.0/../../../../riscv32-unknown-elf/lib/libc.a(libc_a-locale.o)
 .data.__global_locale
                0x000238f0      0x16c /opt/riscv32im/lib/gcc/riscv32-unknown-elf/15.1.0/../../../../riscv32-unknown-elf/lib/libc.a(libc_a-locale.o)
                0x000238f0                __global_locale
 .data          0x00023a5c        0x0 /opt/riscv32im/lib/gcc/riscv32-unknown-elf/15.1.0/../../../../riscv32-unknown-elf/lib/libc.a(libc_a-fstatr.o)
 .data          0x00023a5c        0x0 /opt/riscv32im/lib/gcc/riscv32-unknown-elf/15.1.0/../../../../riscv32-unknown-elf/lib/libc.a(libc_a-isattyr.o)
 .data          0x00023a5c        0x0 /opt/riscv32im/lib/gcc/riscv32-unknown-elf/15.1.0/../../../../riscv32-unknown-elf/lib/libc.a(libc_a-assert.o)
 .data          0x00023a5c        0x0 /opt/riscv32im/lib/gcc/riscv32-unknown-elf/15.1.0/../../../../riscv32-unknown-elf/lib/libc.a(libc_a-callocr.o)
 .data          0x00023a5c        0x0 /opt/riscv32im/lib/gcc/riscv32-unknown-elf/15.1.0/../../../../riscv32-unknown-elf/lib/libc.a(libc_a-mbtowc_r.o)
 .data          0x00023a5c        0x0 /opt/riscv32im/lib/gcc/riscv32-unknown-elf/15.1.0/../../../../riscv32-unknown-elf/lib/libc.a(libc_a-wctomb_r.o)
 .data          0x00023a5c        0x0 /opt/riscv32im/lib/gcc/riscv32-unknown-elf/15.1.0/../../../../riscv32-unknown-elf/lib/libc.a(libc_a-ctype_.o)
 .data          0x00023a5c        0x0 /opt/riscv32im/lib/gcc/riscv32-unknown-elf/15.1.0/../../../../riscv32-unknown-elf/lib/libc.a(libc_a-fiprintf.o)
 .data          0x00023a5c        0x0 /opt/riscv32im/lib/gcc/riscv32-unknown-elf/15.1.0/../../../../riscv32-unknown-elf/lib/libc.a(libc_a-vfiprintf.o)
 .data          0x00023a5c        0x0 /opt/riscv32im/lib/gcc/riscv32-unknown-elf/15.1.0/../../../../riscv32-unknown-elf/lib/libc.a(libc_a-abort.o)
 .data          0x00023a5c        0x0 /opt/riscv32im/lib/gcc/riscv32-unknown-elf/15.1.0/../../../../riscv32-unknown-elf/lib/libc.a(libc_a-signal.o)
 .data          0x00023a5c        0x0 /opt/riscv32im/lib/gcc/riscv32-unknown-elf/15.1.0/../../../../riscv32-unknown-elf/lib/libc.a(libc_a-signalr.o)
 .data          0x00023a5c        0x0 /opt/riscv32im/lib/gcc/riscv32-unknown-elf/15.1.0/libgcc.a(adddf3.o)
 .data          0x00023a5c        0x0 /opt/riscv32im/lib/gcc/riscv32-unknown-elf/15.1.0/libgcc.a(divdf3.o)
 .data          0x00023a5c        0x0 /opt/riscv32im/lib/gcc/riscv32-unknown-elf/15.1.0/libgcc.a(eqdf2.o)
 .data          0x00023a5c        0x0 /opt/riscv32im/lib/gcc/riscv32-unknown-elf/15.1.0/libgcc.a(gedf2.o)
 .data          0x00023a5c        0x0 /opt/riscv32im/lib/gcc/riscv32-unknown-elf/15.1.0/libgcc.a(ledf2.o)
 .data          0x00023a5c        0x0 /opt/riscv32im/lib/gcc/riscv32-unknown-elf/15.1.0/libgcc.a(muldf3.o)
 .data          0x00023a5c        0x0 /opt/riscv32im/lib/gcc/riscv32-unknown-elf/15.1.0/libgcc.a(subdf3.o)
 .data          0x00023a5c        0x0 /opt/riscv32im/lib/gcc/riscv32-unknown-elf/15.1.0/libgcc.a(fixdfsi.o)
 .data          0x00023a5c        0x0 /opt/riscv32im/lib/gcc/riscv32-unknown-elf/15.1.0/libgcc.a(floatsidf.o)
 .data          0x00023a5c        0x0 /opt/riscv32im/lib/gcc/riscv32-unknown-elf/15.1.0/libgcc.a(eqtf2.o)
 .data          0x00023a5c        0x0 /opt/riscv32im/lib/gcc/riscv32-unknown-elf/15.1.0/libgcc.a(getf2.o)
 .data          0x00023a5c        0x0 /opt/riscv32im/lib/gcc/riscv32-unknown-elf/15.1.0/libgcc.a(letf2.o)
 .data          0x00023a5c        0x0 /opt/riscv32im/lib/gcc/riscv32-unknown-elf/15.1.0/libgcc.a(multf3.o)
 .data          0x00023a5c        0x0 /opt/riscv32im/lib/gcc/riscv32-unknown-elf/15.1.0/libgcc.a(subtf3.o)
 .data          0x00023a5c        0x0 /opt/riscv32im/lib/gcc/riscv32-unknown-elf/15.1.0/libgcc.a(unordtf2.o)
 .data          0x00023a5c        0x0 /opt/riscv32im/lib/gcc/riscv32-unknown-elf/15.1.0/libgcc.a(fixtfsi.o)
 .data          0x00023a5c        0x0 /opt/riscv32im/lib/gcc/riscv32-unknown-elf/15.1.0/libgcc.a(floatsitf.o)
 .data          0x00023a5c        0x0 /opt/riscv32im/lib/gcc/riscv32-unknown-elf/15.1.0/libgcc.a(extenddftf2.o)
 .data          0x00023a5c        0x0 /opt/riscv32im/lib/gcc/riscv32-unknown-elf/15.1.0/libgcc.a(_clzsi2.o)
 .data          0x00023a5c        0x0 /opt/riscv32im/lib/gcc/riscv32-unknown-elf/15.1.0/libgcc.a(_clz.o)
 .data          0x00023a5c        0x0 /opt/riscv32im/lib/gcc/riscv32-unknown-elf/15.1.0/crtend.o

.data1
 *(.data1)

.got
 *(.got.plt)
 *(.igot.plt)
 *(.got)
 *(.igot)

.sdata          0x00023a60       0x70
                0x00024260                        __global_pointer$ = (. + 0x800)
 *(.srodata.cst16)
 *(.srodata.cst8)
 .srodata.cst8  0x00023a60       0x60 /opt/riscv32im/lib/gcc/riscv32-unknown-elf/15.1.0/../../../../riscv32-unknown-elf/lib/libc.a(libc_a-gdtoa-gdtoa.o)
 .srodata.cst8  0x00023ac0       0x10 /opt/riscv32im/lib/gcc/riscv32-unknown-elf/15.1.0/../../../../riscv32-unknown-elf/lib/libc.a(libc_a-mprec.o)
 *(.srodata.cst4)
 *(.srodata.cst2)
 *(.srodata .srodata.*)
 *(.sdata .sdata.* .gnu.linkonce.s.*)
 .sdata         0x00023ac0        0x4 /opt/riscv32im/lib/gcc/riscv32-unknown-elf/15.1.0/crtbegin.o
                0x00023ac0                __dso_handle
 .sdata.__malloc_sbrk_base
                0x00023ac4        0x4 /opt/riscv32im/lib/gcc/riscv32-unknown-elf/15.1.0/../../../../riscv32-unknown-elf/lib/libc.a(libc_a-mallocr.o)
                0x00023ac4                __malloc_sbrk_base
 .sdata.__malloc_trim_threshold
                0x00023ac8        0x4 /opt/riscv32im/lib/gcc/riscv32-unknown-elf/15.1.0/../../../../riscv32-unknown-elf/lib/libc.a(libc_a-mallocr.o)
                0x00023ac8                __malloc_trim_threshold
 .sdata._impure_ptr
                0x00023acc        0x4 /opt/riscv32im/lib/gcc/riscv32-unknown-elf/15.1.0/../../../../riscv32-unknown-elf/lib/libc.a(libc_a-impure.o)
                0x00023acc                _impure_ptr
                0x00023ad0                        _edata = .
                [!provide]                        PROVIDE (edata = .)
                0x00023ad0                        . = .
                0x00023ad0                        __bss_start = .

.sbss           0x00023ad0       0x58
 *(.dynsbss)
 *(.sbss .sbss.* .gnu.linkonce.sb.*)
 .sbss          0x00023ad0       0x38 dhry_1.o
                0x00023ad0                Dhrystones_Per_Second
                0x00023ad4                Microseconds
                0x00023ad8                User_Insn
                0x00023adc                End_Insn
                0x00023ae0                Begin_Insn
                0x00023ae4                User_Time
                0x00023ae8                End_Time
                0x00023aec                Begin_Time
                0x00023af0                Reg
                0x00023af4                Ch_2_Glob
                0x00023af5                Ch_1_Glob
                0x00023af8                Bool_Glob
                0x00023afc                Int_Glob
                0x00023b00                Next_Ptr_Glob
                0x00023b04                Ptr_Glob
 .sbss          0x00023b08        0x4 syscalls.o
 .sbss.__malloc_max_total_mem
                0x00023b0c        0x4 /opt/riscv32im/lib/gcc/riscv32-unknown-elf/15.1.0/../../../../riscv32-unknown-elf/lib/libc.a(libc_a-mallocr.o)
                0x00023b0c                __malloc_max_total_mem
 .sbss.__malloc_max_sbrked_mem
                0x00023b10        0x4 /opt/riscv32im/lib/gcc/riscv32-unknown-elf/15.1.0/../../../../riscv32-unknown-elf/lib/libc.a(libc_a-mallocr.o)
                0x00023b10                __malloc_max_sbrked_mem
 .sbss.__malloc_top_pad
                0x00023b14        0x4 /opt/riscv32im/lib/gcc/riscv32-unknown-elf/15.1.0/../../../../riscv32-unknown-elf/lib/libc.a(libc_a-mallocr.o)
                0x00023b14                __malloc_top_pad
 .sbss.__stdio_exit_handler
                0x00023b18        0x4 /opt/riscv32im/lib/gcc/riscv32-unknown-elf/15.1.0/../../../../riscv32-unknown-elf/lib/libc.a(libc_a-findfp.o)
                0x00023b18                __stdio_exit_handler
 .sbss.errno    0x00023b1c        0x4 /opt/riscv32im/lib/gcc/riscv32-unknown-elf/15.1.0/../../../../riscv32-unknown-elf/lib/libc.a(libc_a-reent.o)
                0x00023b1c                errno
 .sbss.__atexit
                0x00023b20        0x4 /opt/riscv32im/lib/gcc/riscv32-unknown-elf/15.1.0/../../../../riscv32-unknown-elf/lib/libc.a(libc_a-__call_atexit.o)
                0x00023b20                __atexit
 .sbss._PathLocale
                0x00023b24        0x4 /opt/riscv32im/lib/gcc/riscv32-unknown-elf/15.1.0/../../../../riscv32-unknown-elf/lib/libc.a(libc_a-locale.o)
                0x00023b24                _PathLocale
 *(.scommon)

.bss            0x00023b28     0x2ae4
 *(.dynbss)
 *(.bss .bss.* .gnu.linkonce.b.*)
 .bss           0x00023b28        0x0 /opt/riscv32im/lib/gcc/riscv32-unknown-elf/15.1.0/../../../../riscv32-unknown-elf/lib/crt0.o
 .bss           0x00023b28       0x1c /opt/riscv32im/lib/gcc/riscv32-unknown-elf/15.1.0/crtbegin.o
 .bss           0x00023b44     0x27d8 dhry_1.o
                0x00023b44                Arr_1_Glob
                0x00023c0c                Arr_2_Glob
 .bss           0x0002631c        0x0 dhry_2.o
 .bss           0x0002631c        0x0 stdlib.o
 .bss           0x0002631c        0x0 syscalls.o
 .bss           0x0002631c        0x0 /opt/riscv32im/lib/gcc/riscv32-unknown-elf/15.1.0/../../../../riscv32-unknown-elf/lib/libc.a(libc_a-exit.o)
 .bss           0x0002631c        0x0 /opt/riscv32im/lib/gcc/riscv32-unknown-elf/15.1.0/../../../../riscv32-unknown-elf/lib/libc.a(libc_a-malloc.o)
 .bss           0x0002631c        0x0 /opt/riscv32im/lib/gcc/riscv32-unknown-elf/15.1.0/../../../../riscv32-unknown-elf/lib/libc.a(libc_a-mallocr.o)
 .bss.__malloc_current_mallinfo
                0x0002631c       0x28 /opt/riscv32im/lib/gcc/riscv32-unknown-elf/15.1.0/../../../../riscv32-unknown-elf/lib/libc.a(libc_a-mallocr.o)
                0x0002631c                __malloc_current_mallinfo
 .bss           0x00026344        0x0 /opt/riscv32im/lib/gcc/riscv32-unknown-elf/15.1.0/../../../../riscv32-unknown-elf/lib/libc.a(libc_a-mlock.o)
 .bss           0x00026344        0x0 /opt/riscv32im/lib/gcc/riscv32-unknown-elf/15.1.0/../../../../riscv32-unknown-elf/lib/libc.a(libc_a-findfp.o)
 .bss.__sf      0x00026344      0x138 /opt/riscv32im/lib/gcc/riscv32-unknown-elf/15.1.0/../../../../riscv32-unknown-elf/lib/libc.a(libc_a-findfp.o)
                0x00026344                __sf
 .bss           0x0002647c        0x0 /opt/riscv32im/lib/gcc/riscv32-unknown-elf/15.1.0/../../../../riscv32-unknown-elf/lib/libc.a(libc_a-fwalk.o)
 .bss           0x0002647c        0x0 /opt/riscv32im/lib/gcc/riscv32-unknown-elf/15.1.0/../../../../riscv32-unknown-elf/lib/libc.a(libc_a-printf.o)
 .bss           0x0002647c        0x0 /opt/riscv32im/lib/gcc/riscv32-unknown-elf/15.1.0/../../../../riscv32-unknown-elf/lib/libc.a(libc_a-putchar.o)
 .bss           0x0002647c        0x0 /opt/riscv32im/lib/gcc/riscv32-unknown-elf/15.1.0/../../../../riscv32-unknown-elf/lib/libc.a(libc_a-puts.o)
 .bss           0x0002647c        0x0 /opt/riscv32im/lib/gcc/riscv32-unknown-elf/15.1.0/../../../../riscv32-unknown-elf/lib/libc.a(libc_a-stdio.o)
 .bss           0x0002647c        0x0 /opt/riscv32im/lib/gcc/riscv32-unknown-elf/15.1.0/../../../../riscv32-unknown-elf/lib/libc.a(libc_a-closer.o)
 .bss           0x0002647c        0x0 /opt/riscv32im/lib/gcc/riscv32-unknown-elf/15.1.0/../../../../riscv32-unknown-elf/lib/libc.a(libc_a-reent.o)
 .bss           0x0002647c        0x0 /opt/riscv32im/lib/gcc/riscv32-unknown-elf/15.1.0/../../../../riscv32-unknown-elf/lib/libc.a(libc_a-impure.o)
 .bss           0x0002647c        0x0 /opt/riscv32im/lib/gcc/riscv32-unknown-elf/15.1.0/../../../../riscv32-unknown-elf/lib/libc.a(libc_a-lseekr.o)
 .bss           0x0002647c        0x0 /opt/riscv32im/lib/gcc/riscv32-unknown-elf/15.1.0/../../../../riscv32-unknown-elf/lib/libc.a(libc_a-readr.o)
 .bss           0x0002647c        0x0 /opt/riscv32im/lib/gcc/riscv32-unknown-elf/15.1.0/../../../../riscv32-unknown-elf/lib/libc.a(libc_a-sbrkr.o)
 .bss           0x0002647c        0x0 /opt/riscv32im/lib/gcc/riscv32-unknown-elf/15.1.0/../../../../riscv32-unknown-elf/lib/libc.a(libc_a-writer.o)
 .bss           0x0002647c        0x0 /opt/riscv32im/lib/gcc/riscv32-unknown-elf/15.1.0/../../../../riscv32-unknown-elf/lib/libc.a(libc_a-errno.o)
 .bss           0x0002647c        0x0 /opt/riscv32im/lib/gcc/riscv32-unknown-elf/15.1.0/../../../../riscv32-unknown-elf/lib/libc.a(libc_a-init.o)
 .bss           0x0002647c        0x0 /opt/riscv32im/lib/gcc/riscv32-unknown-elf/15.1.0/../../../../riscv32-unknown-elf/lib/libc.a(libc_a-memset.o)
 .bss           0x0002647c        0x0 /opt/riscv32im/lib/gcc/riscv32-unknown-elf/15.1.0/../../../../riscv32-unknown-elf/lib/libc.a(libc_a-strlen.o)
 .bss           0x0002647c        0x0 /opt/riscv32im/lib/gcc/riscv32-unknown-elf/15.1.0/../../../../riscv32-unknown-elf/lib/libc.a(libc_a-strcmp.o)
 .bss           0x0002647c        0x0 /opt/riscv32im/lib/gcc/riscv32-unknown-elf/15.1.0/../../../../riscv32-unknown-elf/lib/libc.a(libc_a-__call_atexit.o)
 .bss           0x0002647c        0x0 /opt/riscv32im/lib/gcc/riscv32-unknown-elf/15.1.0/../../../../riscv32-unknown-elf/lib/libc.a(libc_a-atexit.o)
 .bss           0x0002647c        0x0 /opt/riscv32im/lib/gcc/riscv32-unknown-elf/15.1.0/../../../../riscv32-unknown-elf/lib/libc.a(libc_a-freer.o)
 .bss           0x0002647c        0x0 /opt/riscv32im/lib/gcc/riscv32-unknown-elf/15.1.0/../../../../riscv32-unknown-elf/lib/libc.a(libc_a-vfprintf.o)
 .bss           0x0002647c        0x0 /opt/riscv32im/lib/gcc/riscv32-unknown-elf/15.1.0/../../../../riscv32-unknown-elf/lib/libc.a(libc_a-sprint_r.o)
 .bss           0x0002647c        0x0 /opt/riscv32im/lib/gcc/riscv32-unknown-elf/15.1.0/../../../../riscv32-unknown-elf/lib/libc.a(libc_a-fclose.o)
 .bss           0x0002647c        0x0 /opt/riscv32im/lib/gcc/riscv32-unknown-elf/15.1.0/../../../../riscv32-unknown-elf/lib/libc.a(libc_a-fflush.o)
 .bss           0x0002647c        0x0 /opt/riscv32im/lib/gcc/riscv32-unknown-elf/15.1.0/../../../../riscv32-unknown-elf/lib/libc.a(libc_a-fvwrite.o)
 .bss           0x0002647c        0x0 /opt/riscv32im/lib/gcc/riscv32-unknown-elf/15.1.0/../../../../riscv32-unknown-elf/lib/libc.a(libc_a-putc.o)
 .bss           0x0002647c        0x0 /opt/riscv32im/lib/gcc/riscv32-unknown-elf/15.1.0/../../../../riscv32-unknown-elf/lib/libc.a(libc_a-wbuf.o)
 .bss           0x0002647c        0x0 /opt/riscv32im/lib/gcc/riscv32-unknown-elf/15.1.0/../../../../riscv32-unknown-elf/lib/libc.a(libc_a-wsetup.o)
 .bss           0x0002647c        0x0 /opt/riscv32im/lib/gcc/riscv32-unknown-elf/15.1.0/../../../../riscv32-unknown-elf/lib/libc.a(libc_a-memchr.o)
 .bss           0x0002647c        0x0 /opt/riscv32im/lib/gcc/riscv32-unknown-elf/15.1.0/../../../../riscv32-unknown-elf/lib/libc.a(libc_a-strncpy.o)
 .bss           0x0002647c        0x0 /opt/riscv32im/lib/gcc/riscv32-unknown-elf/15.1.0/../../../../riscv32-unknown-elf/lib/libc.a(libc_a-localeconv.o)
 .bss           0x0002647c        0x0 /opt/riscv32im/lib/gcc/riscv32-unknown-elf/15.1.0/../../../../riscv32-unknown-elf/lib/libc.a(libc_a-fini.o)
 .bss           0x0002647c        0x0 /opt/riscv32im/lib/gcc/riscv32-unknown-elf/15.1.0/../../../../riscv32-unknown-elf/lib/libc.a(libc_a-memmove-stub.o)
 .bss           0x0002647c        0x0 /opt/riscv32im/lib/gcc/riscv32-unknown-elf/15.1.0/../../../../riscv32-unknown-elf/lib/libc.a(libc_a-memcpy.o)
 .bss           0x0002647c        0x0 /opt/riscv32im/lib/gcc/riscv32-unknown-elf/15.1.0/../../../../riscv32-unknown-elf/lib/libc.a(libm_a-frexpl.o)
 .bss           0x0002647c        0x0 /opt/riscv32im/lib/gcc/riscv32-unknown-elf/15.1.0/../../../../riscv32-unknown-elf/lib/libc.a(libc_a-__atexit.o)
 .bss.__atexit0
                0x0002647c      0x190 /opt/riscv32im/lib/gcc/riscv32-unknown-elf/15.1.0/../../../../riscv32-unknown-elf/lib/libc.a(libc_a-__atexit.o)
                0x0002647c                __atexit0
 .bss           0x0002660c        0x0 /opt/riscv32im/lib/gcc/riscv32-unknown-elf/15.1.0/../../../../riscv32-unknown-elf/lib/libc.a(libc_a-gdtoa-ldtoa.o)
 .bss           0x0002660c        0x0 /opt/riscv32im/lib/gcc/riscv32-unknown-elf/15.1.0/../../../../riscv32-unknown-elf/lib/libc.a(libc_a-gdtoa-gdtoa.o)
 .bss           0x0002660c        0x0 /opt/riscv32im/lib/gcc/riscv32-unknown-elf/15.1.0/../../../../riscv32-unknown-elf/lib/libc.a(libc_a-gdtoa-dmisc.o)
 .bss           0x0002660c        0x0 /opt/riscv32im/lib/gcc/riscv32-unknown-elf/15.1.0/../../../../riscv32-unknown-elf/lib/libc.a(libc_a-gdtoa-gmisc.o)
 .bss           0x0002660c        0x0 /opt/riscv32im/lib/gcc/riscv32-unknown-elf/15.1.0/../../../../riscv32-unknown-elf/lib/libc.a(libc_a-mprec.o)
 .bss           0x0002660c        0x0 /opt/riscv32im/lib/gcc/riscv32-unknown-elf/15.1.0/../../../../riscv32-unknown-elf/lib/libc.a(libc_a-reallocr.o)
 .bss           0x0002660c        0x0 /opt/riscv32im/lib/gcc/riscv32-unknown-elf/15.1.0/../../../../riscv32-unknown-elf/lib/libc.a(libc_a-makebuf.o)
 .bss           0x0002660c        0x0 /opt/riscv32im/lib/gcc/riscv32-unknown-elf/15.1.0/../../../../riscv32-unknown-elf/lib/libc.a(libc_a-locale.o)
 .bss           0x0002660c        0x0 /opt/riscv32im/lib/gcc/riscv32-unknown-elf/15.1.0/../../../../riscv32-unknown-elf/lib/libc.a(libc_a-fstatr.o)
 .bss           0x0002660c        0x0 /opt/riscv32im/lib/gcc/riscv32-unknown-elf/15.1.0/../../../../riscv32-unknown-elf/lib/libc.a(libc_a-isattyr.o)
 .bss           0x0002660c        0x0 /opt/riscv32im/lib/gcc/riscv32-unknown-elf/15.1.0/../../../../riscv32-unknown-elf/lib/libc.a(libc_a-assert.o)
 .bss           0x0002660c        0x0 /opt/riscv32im/lib/gcc/riscv32-unknown-elf/15.1.0/../../../../riscv32-unknown-elf/lib/libc.a(libc_a-callocr.o)
 .bss           0x0002660c        0x0 /opt/riscv32im/lib/gcc/riscv32-unknown-elf/15.1.0/../../../../riscv32-unknown-elf/lib/libc.a(libc_a-mbtowc_r.o)
 .bss           0x0002660c        0x0 /opt/riscv32im/lib/gcc/riscv32-unknown-elf/15.1.0/../../../../riscv32-unknown-elf/lib/libc.a(libc_a-wctomb_r.o)
 .bss           0x0002660c        0x0 /opt/riscv32im/lib/gcc/riscv32-unknown-elf/15.1.0/../../../../riscv32-unknown-elf/lib/libc.a(libc_a-ctype_.o)
 .bss           0x0002660c        0x0 /opt/riscv32im/lib/gcc/riscv32-unknown-elf/15.1.0/../../../../riscv32-unknown-elf/lib/libc.a(libc_a-fiprintf.o)
 .bss           0x0002660c        0x0 /opt/riscv32im/lib/gcc/riscv32-unknown-elf/15.1.0/../../../../riscv32-unknown-elf/lib/libc.a(libc_a-vfiprintf.o)
 .bss           0x0002660c        0x0 /opt/riscv32im/lib/gcc/riscv32-unknown-elf/15.1.0/../../../../riscv32-unknown-elf/lib/libc.a(libc_a-abort.o)
 .bss           0x0002660c        0x0 /opt/riscv32im/lib/gcc/riscv32-unknown-elf/15.1.0/../../../../riscv32-unknown-elf/lib/libc.a(libc_a-signal.o)
 .bss           0x0002660c        0x0 /opt/riscv32im/lib/gcc/riscv32-unknown-elf/15.1.0/../../../../riscv32-unknown-elf/lib/libc.a(libc_a-signalr.o)
 .bss           0x0002660c        0x0 /opt/riscv32im/lib/gcc/riscv32-unknown-elf/15.1.0/libgcc.a(adddf3.o)
 .bss           0x0002660c        0x0 /opt/riscv32im/lib/gcc/riscv32-unknown-elf/15.1.0/libgcc.a(divdf3.o)
 .bss           0x0002660c        0x0 /opt/riscv32im/lib/gcc/riscv32-unknown-elf/15.1.0/libgcc.a(eqdf2.o)
 .bss           0x0002660c        0x0 /opt/riscv32im/lib/gcc/riscv32-unknown-elf/15.1.0/libgcc.a(gedf2.o)
 .bss           0x0002660c        0x0 /opt/riscv32im/lib/gcc/riscv32-unknown-elf/15.1.0/libgcc.a(ledf2.o)
 .bss           0x0002660c        0x0 /opt/riscv32im/lib/gcc/riscv32-unknown-elf/15.1.0/libgcc.a(muldf3.o)
 .bss           0x0002660c        0x0 /opt/riscv32im/lib/gcc/riscv32-unknown-elf/15.1.0/libgcc.a(subdf3.o)
 .bss           0x0002660c        0x0 /opt/riscv32im/lib/gcc/riscv32-unknown-elf/15.1.0/libgcc.a(fixdfsi.o)
 .bss           0x0002660c        0x0 /opt/riscv32im/lib/gcc/riscv32-unknown-elf/15.1.0/libgcc.a(floatsidf.o)
 .bss           0x0002660c        0x0 /opt/riscv32im/lib/gcc/riscv32-unknown-elf/15.1.0/libgcc.a(eqtf2.o)
 .bss           0x0002660c        0x0 /opt/riscv32im/lib/gcc/riscv32-unknown-elf/15.1.0/libgcc.a(getf2.o)
 .bss           0x0002660c        0x0 /opt/riscv32im/lib/gcc/riscv32-unknown-elf/15.1.0/libgcc.a(letf2.o)
 .bss           0x0002660c        0x0 /opt/riscv32im/lib/gcc/riscv32-unknown-elf/15.1.0/libgcc.a(multf3.o)
 .bss           0x0002660c        0x0 /opt/riscv32im/lib/gcc/riscv32-unknown-elf/15.1.0/libgcc.a(subtf3.o)
 .bss           0x0002660c        0x0 /opt/riscv32im/lib/gcc/riscv32-unknown-elf/15.1.0/libgcc.a(unordtf2.o)
 .bss           0x0002660c        0x0 /opt/riscv32im/lib/gcc/riscv32-unknown-elf/15.1.0/libgcc.a(fixtfsi.o)
 .bss           0x0002660c        0x0 /opt/riscv32im/lib/gcc/riscv32-unknown-elf/15.1.0/libgcc.a(floatsitf.o)
 .bss           0x0002660c        0x0 /opt/riscv32im/lib/gcc/riscv32-unknown-elf/15.1.0/libgcc.a(extenddftf2.o)
 .bss           0x0002660c        0x0 /opt/riscv32im/lib/gcc/riscv32-unknown-elf/15.1.0/libgcc.a(_clzsi2.o)
 .bss           0x0002660c        0x0 /opt/riscv32im/lib/gcc/riscv32-unknown-elf/15.1.0/libgcc.a(_clz.o)
 .bss           0x0002660c        0x0 /opt/riscv32im/lib/gcc/riscv32-unknown-elf/15.1.0/crtend.o
 *(COMMON)
                0x0002660c                        . = ALIGN ((. != 0x0)?0x4:0x1)
                0x0002660c                        . = ALIGN (0x4)
                0x0002660c                        . = SEGMENT_START ("ldata-segment", .)
                0x0002660c                        . = ALIGN (0x4)
                0x0002660c                        _end = .
                [!provide]                        PROVIDE (end = .)
                0x0002660c                        . = DATA_SEGMENT_END (.)

.stab
 *(.stab)

.stabstr
 *(.stabstr)

.stab.excl
 *(.stab.excl)

.stab.exclstr
 *(.stab.exclstr)

.stab.index
 *(.stab.index)

.stab.indexstr
 *(.stab.indexstr)

.comment        0x00000000       0x21
 *(.comment)
 .comment       0x00000000       0x21 /opt/riscv32im/lib/gcc/riscv32-unknown-elf/15.1.0/crtbegin.o
                                 0x10 (size before relaxing)
 .comment       0x00000021       0x10 dhry_1.o
 .comment       0x00000021       0x10 dhry_2.o
 .comment       0x00000021       0x10 stdlib.o
 .comment       0x00000021       0x10 syscalls.o
 .comment       0x00000021       0x13 /opt/riscv32im/lib/gcc/riscv32-unknown-elf/15.1.0/../../../../riscv32-unknown-elf/lib/libc.a(libc_a-exit.o)
 .comment       0x00000021       0x13 /opt/riscv32im/lib/gcc/riscv32-unknown-elf/15.1.0/../../../../riscv32-unknown-elf/lib/libc.a(libc_a-malloc.o)
 .comment       0x00000021       0x13 /opt/riscv32im/lib/gcc/riscv32-unknown-elf/15.1.0/../../../../riscv32-unknown-elf/lib/libc.a(libc_a-mallocr.o)
 .comment       0x00000021       0x13 /opt/riscv32im/lib/gcc/riscv32-unknown-elf/15.1.0/../../../../riscv32-unknown-elf/lib/libc.a(libc_a-mlock.o)
 .comment       0x00000021       0x13 /opt/riscv32im/lib/gcc/riscv32-unknown-elf/15.1.0/../../../../riscv32-unknown-elf/lib/libc.a(libc_a-findfp.o)
 .comment       0x00000021       0x13 /opt/riscv32im/lib/gcc/riscv32-unknown-elf/15.1.0/../../../../riscv32-unknown-elf/lib/libc.a(libc_a-fwalk.o)
 .comment       0x00000021       0x13 /opt/riscv32im/lib/gcc/riscv32-unknown-elf/15.1.0/../../../../riscv32-unknown-elf/lib/libc.a(libc_a-printf.o)
 .comment       0x00000021       0x13 /opt/riscv32im/lib/gcc/riscv32-unknown-elf/15.1.0/../../../../riscv32-unknown-elf/lib/libc.a(libc_a-putchar.o)
 .comment       0x00000021       0x13 /opt/riscv32im/lib/gcc/riscv32-unknown-elf/15.1.0/../../../../riscv32-unknown-elf/lib/libc.a(libc_a-puts.o)
 .comment       0x00000021       0x13 /opt/riscv32im/lib/gcc/riscv32-unknown-elf/15.1.0/../../../../riscv32-unknown-elf/lib/libc.a(libc_a-stdio.o)
 .comment       0x00000021       0x13 /opt/riscv32im/lib/gcc/riscv32-unknown-elf/15.1.0/../../../../riscv32-unknown-elf/lib/libc.a(libc_a-closer.o)
 .comment       0x00000021       0x13 /opt/riscv32im/lib/gcc/riscv32-unknown-elf/15.1.0/../../../../riscv32-unknown-elf/lib/libc.a(libc_a-reent.o)
 .comment       0x00000021       0x13 /opt/riscv32im/lib/gcc/riscv32-unknown-elf/15.1.0/../../../../riscv32-unknown-elf/lib/libc.a(libc_a-impure.o)
 .comment       0x00000021       0x13 /opt/riscv32im/lib/gcc/riscv32-unknown-elf/15.1.0/../../../../riscv32-unknown-elf/lib/libc.a(libc_a-lseekr.o)
 .comment       0x00000021       0x13 /opt/riscv32im/lib/gcc/riscv32-unknown-elf/15.1.0/../../../../riscv32-unknown-elf/lib/libc.a(libc_a-readr.o)
 .comment       0x00000021       0x13 /opt/riscv32im/lib/gcc/riscv32-unknown-elf/15.1.0/../../../../riscv32-unknown-elf/lib/libc.a(libc_a-sbrkr.o)
 .comment       0x00000021       0x13 /opt/riscv32im/lib/gcc/riscv32-unknown-elf/15.1.0/../../../../riscv32-unknown-elf/lib/libc.a(libc_a-writer.o)
 .comment       0x00000021       0x13 /opt/riscv32im/lib/gcc/riscv32-unknown-elf/15.1.0/../../../../riscv32-unknown-elf/lib/libc.a(libc_a-errno.o)
 .comment       0x00000021       0x13 /opt/riscv32im/lib/gcc/riscv32-unknown-elf/15.1.0/../../../../riscv32-unknown-elf/lib/libc.a(libc_a-init.o)
 .comment       0x00000021       0x13 /opt/riscv32im/lib/gcc/riscv32-unknown-elf/15.1.0/../../../../riscv32-unknown-elf/lib/libc.a(libc_a-strlen.o)
 .comment       0x00000021       0x13 /opt/riscv32im/lib/gcc/riscv32-unknown-elf/15.1.0/../../../../riscv32-unknown-elf/lib/libc.a(libc_a-__call_atexit.o)
 .comment       0x00000021       0x13 /opt/riscv32im/lib/gcc/riscv32-unknown-elf/15.1.0/../../../../riscv32-unknown-elf/lib/libc.a(libc_a-atexit.o)
 .comment       0x00000021       0x13 /opt/riscv32im/lib/gcc/riscv32-unknown-elf/15.1.0/../../../../riscv32-unknown-elf/lib/libc.a(libc_a-freer.o)
 .comment       0x00000021       0x13 /opt/riscv32im/lib/gcc/riscv32-unknown-elf/15.1.0/../../../../riscv32-unknown-elf/lib/libc.a(libc_a-vfprintf.o)
 .comment       0x00000021       0x13 /opt/riscv32im/lib/gcc/riscv32-unknown-elf/15.1.0/../../../../riscv32-unknown-elf/lib/libc.a(libc_a-sprint_r.o)
 .comment       0x00000021       0x13 /opt/riscv32im/lib/gcc/riscv32-unknown-elf/15.1.0/../../../../riscv32-unknown-elf/lib/libc.a(libc_a-fclose.o)
 .comment       0x00000021       0x13 /opt/riscv32im/lib/gcc/riscv32-unknown-elf/15.1.0/../../../../riscv32-unknown-elf/lib/libc.a(libc_a-fflush.o)
 .comment       0x00000021       0x13 /opt/riscv32im/lib/gcc/riscv32-unknown-elf/15.1.0/../../../../riscv32-unknown-elf/lib/libc.a(libc_a-fvwrite.o)
 .comment       0x00000021       0x13 /opt/riscv32im/lib/gcc/riscv32-unknown-elf/15.1.0/../../../../riscv32-unknown-elf/lib/libc.a(libc_a-putc.o)
 .comment       0x00000021       0x13 /opt/riscv32im/lib/gcc/riscv32-unknown-elf/15.1.0/../../../../riscv32-unknown-elf/lib/libc.a(libc_a-wbuf.o)
 .comment       0x00000021       0x13 /opt/riscv32im/lib/gcc/riscv32-unknown-elf/15.1.0/../../../../riscv32-unknown-elf/lib/libc.a(libc_a-wsetup.o)
 .comment       0x00000021       0x13 /opt/riscv32im/lib/gcc/riscv32-unknown-elf/15.1.0/../../../../riscv32-unknown-elf/lib/libc.a(libc_a-memchr.o)
 .comment       0x00000021       0x13 /opt/riscv32im/lib/gcc/riscv32-unknown-elf/15.1.0/../../../../riscv32-unknown-elf/lib/libc.a(libc_a-strncpy.o)
 .comment       0x00000021       0x13 /opt/riscv32im/lib/gcc/riscv32-unknown-elf/15.1.0/../../../../riscv32-unknown-elf/lib/libc.a(libc_a-localeconv.o)
 .comment       0x00000021       0x13 /opt/riscv32im/lib/gcc/riscv32-unknown-elf/15.1.0/../../../../riscv32-unknown-elf/lib/libc.a(libc_a-fini.o)
 .comment       0x00000021       0x13 /opt/riscv32im/lib/gcc/riscv32-unknown-elf/15.1.0/../../../../riscv32-unknown-elf/lib/libc.a(libc_a-memmove-stub.o)
 .comment       0x00000021       0x13 /opt/riscv32im/lib/gcc/riscv32-unknown-elf/15.1.0/../../../../riscv32-unknown-elf/lib/libc.a(libc_a-memcpy.o)
 .comment       0x00000021       0x13 /opt/riscv32im/lib/gcc/riscv32-unknown-elf/15.1.0/../../../../riscv32-unknown-elf/lib/libc.a(libm_a-frexpl.o)
 .comment       0x00000021       0x13 /opt/riscv32im/lib/gcc/riscv32-unknown-elf/15.1.0/../../../../riscv32-unknown-elf/lib/libc.a(libc_a-__atexit.o)
 .comment       0x00000021       0x13 /opt/riscv32im/lib/gcc/riscv32-unknown-elf/15.1.0/../../../../riscv32-unknown-elf/lib/libc.a(libc_a-gdtoa-ldtoa.o)
 .comment       0x00000021       0x13 /opt/riscv32im/lib/gcc/riscv32-unknown-elf/15.1.0/../../../../riscv32-unknown-elf/lib/libc.a(libc_a-gdtoa-gdtoa.o)
 .comment       0x00000021       0x13 /opt/riscv32im/lib/gcc/riscv32-unknown-elf/15.1.0/../../../../riscv32-unknown-elf/lib/libc.a(libc_a-gdtoa-dmisc.o)
 .comment       0x00000021       0x13 /opt/riscv32im/lib/gcc/riscv32-unknown-elf/15.1.0/../../../../riscv32-unknown-elf/lib/libc.a(libc_a-gdtoa-gmisc.o)
 .comment       0x00000021       0x13 /opt/riscv32im/lib/gcc/riscv32-unknown-elf/15.1.0/../../../../riscv32-unknown-elf/lib/libc.a(libc_a-mprec.o)
 .comment       0x00000021       0x13 /opt/riscv32im/lib/gcc/riscv32-unknown-elf/15.1.0/../../../../riscv32-unknown-elf/lib/libc.a(libc_a-reallocr.o)
 .comment       0x00000021       0x13 /opt/riscv32im/lib/gcc/riscv32-unknown-elf/15.1.0/../../../../riscv32-unknown-elf/lib/libc.a(libc_a-makebuf.o)
 .comment       0x00000021       0x13 /opt/riscv32im/lib/gcc/riscv32-unknown-elf/15.1.0/../../../../riscv32-unknown-elf/lib/libc.a(libc_a-locale.o)
 .comment       0x00000021       0x13 /opt/riscv32im/lib/gcc/riscv32-unknown-elf/15.1.0/../../../../riscv32-unknown-elf/lib/libc.a(libc_a-fstatr.o)
 .comment       0x00000021       0x13 /opt/riscv32im/lib/gcc/riscv32-unknown-elf/15.1.0/../../../../riscv32-unknown-elf/lib/libc.a(libc_a-isattyr.o)
 .comment       0x00000021       0x13 /opt/riscv32im/lib/gcc/riscv32-unknown-elf/15.1.0/../../../../riscv32-unknown-elf/lib/libc.a(libc_a-assert.o)
 .comment       0x00000021       0x13 /opt/riscv32im/lib/gcc/riscv32-unknown-elf/15.1.0/../../../../riscv32-unknown-elf/lib/libc.a(libc_a-callocr.o)
 .comment       0x00000021       0x13 /opt/riscv32im/lib/gcc/riscv32-unknown-elf/15.1.0/../../../../riscv32-unknown-elf/lib/libc.a(libc_a-mbtowc_r.o)
 .comment       0x00000021       0x13 /opt/riscv32im/lib/gcc/riscv32-unknown-elf/15.1.0/../../../../riscv32-unknown-elf/lib/libc.a(libc_a-wctomb_r.o)
 .comment       0x00000021       0x13 /opt/riscv32im/lib/gcc/riscv32-unknown-elf/15.1.0/../../../../riscv32-unknown-elf/lib/libc.a(libc_a-ctype_.o)
 .comment       0x00000021       0x13 /opt/riscv32im/lib/gcc/riscv32-unknown-elf/15.1.0/../../../../riscv32-unknown-elf/lib/libc.a(libc_a-fiprintf.o)
 .comment       0x00000021       0x13 /opt/riscv32im/lib/gcc/riscv32-unknown-elf/15.1.0/../../../../riscv32-unknown-elf/lib/libc.a(libc_a-vfiprintf.o)
 .comment       0x00000021       0x13 /opt/riscv32im/lib/gcc/riscv32-unknown-elf/15.1.0/../../../../riscv32-unknown-elf/lib/libc.a(libc_a-abort.o)
 .comment       0x00000021       0x13 /opt/riscv32im/lib/gcc/riscv32-unknown-elf/15.1.0/../../../../riscv32-unknown-elf/lib/libc.a(libc_a-signal.o)
 .comment       0x00000021       0x13 /opt/riscv32im/lib/gcc/riscv32-unknown-elf/15.1.0/../../../../riscv32-unknown-elf/lib/libc.a(libc_a-signalr.o)
 .comment       0x00000021       0x10 /opt/riscv32im/lib/gcc/riscv32-unknown-elf/15.1.0/libgcc.a(adddf3.o)
 .comment       0x00000021       0x10 /opt/riscv32im/lib/gcc/riscv32-unknown-elf/15.1.0/libgcc.a(divdf3.o)
 .comment       0x00000021       0x10 /opt/riscv32im/lib/gcc/riscv32-unknown-elf/15.1.0/libgcc.a(eqdf2.o)
 .comment       0x00000021       0x10 /opt/riscv32im/lib/gcc/riscv32-unknown-elf/15.1.0/libgcc.a(gedf2.o)
 .comment       0x00000021       0x10 /opt/riscv32im/lib/gcc/riscv32-unknown-elf/15.1.0/libgcc.a(ledf2.o)
 .comment       0x00000021       0x10 /opt/riscv32im/lib/gcc/riscv32-unknown-elf/15.1.0/libgcc.a(muldf3.o)
 .comment       0x00000021       0x10 /opt/riscv32im/lib/gcc/riscv32-unknown-elf/15.1.0/libgcc.a(subdf3.o)
 .comment       0x00000021       0x10 /opt/riscv32im/lib/gcc/riscv32-unknown-elf/15.1.0/libgcc.a(fixdfsi.o)
 .comment       0x00000021       0x10 /opt/riscv32im/lib/gcc/riscv32-unknown-elf/15.1.0/libgcc.a(floatsidf.o)
 .comment       0x00000021       0x10 /opt/riscv32im/lib/gcc/riscv32-unknown-elf/15.1.0/libgcc.a(eqtf2.o)
 .comment       0x00000021       0x10 /opt/riscv32im/lib/gcc/riscv32-unknown-elf/15.1.0/libgcc.a(getf2.o)
 .comment       0x00000021       0x10 /opt/riscv32im/lib/gcc/riscv32-unknown-elf/15.1.0/libgcc.a(letf2.o)
 .comment       0x00000021       0x10 /opt/riscv32im/lib/gcc/riscv32-unknown-elf/15.1.0/libgcc.a(multf3.o)
 .comment       0x00000021       0x10 /opt/riscv32im/lib/gcc/riscv32-unknown-elf/15.1.0/libgcc.a(subtf3.o)
 .comment       0x00000021       0x10 /opt/riscv32im/lib/gcc/riscv32-unknown-elf/15.1.0/libgcc.a(unordtf2.o)
 .comment       0x00000021       0x10 /opt/riscv32im/lib/gcc/riscv32-unknown-elf/15.1.0/libgcc.a(fixtfsi.o)
 .comment       0x00000021       0x10 /opt/riscv32im/lib/gcc/riscv32-unknown-elf/15.1.0/libgcc.a(floatsitf.o)
 .comment       0x00000021       0x10 /opt/riscv32im/lib/gcc/riscv32-unknown-elf/15.1.0/libgcc.a(extenddftf2.o)
 .comment       0x00000021       0x10 /opt/riscv32im/lib/gcc/riscv32-unknown-elf/15.1.0/libgcc.a(_clzsi2.o)
 .comment       0x00000021       0x10 /opt/riscv32im/lib/gcc/riscv32-unknown-elf/15.1.0/libgcc.a(_clz.o)
 .comment       0x00000021       0x10 /opt/riscv32im/lib/gcc/riscv32-unknown-elf/15.1.0/crtend.o

.riscv.attributes
                0x00000000       0x2a
 .riscv.attributes
                0x00000000       0x28 /opt/riscv32im/lib/gcc/riscv32-unknown-elf/15.1.0/../../../../riscv32-unknown-elf/lib/crt0.o
 .riscv.attributes
                0x00000028       0x2a /opt/riscv32im/lib/gcc/riscv32-unknown-elf/15.1.0/crtbegin.o
 .riscv.attributes
                0x00000052       0x2a dhry_1.o
 .riscv.attributes
                0x0000007c       0x2a dhry_2.o
 .riscv.attributes
                0x000000a6       0x2a stdlib.o
 .riscv.attributes
                0x000000d0       0x2a syscalls.o
 .riscv.attributes
                0x000000fa       0x2a /opt/riscv32im/lib/gcc/riscv32-unknown-elf/15.1.0/../../../../riscv32-unknown-elf/lib/libc.a(libc_a-exit.o)
 .riscv.attributes
                0x00000124       0x2a /opt/riscv32im/lib/gcc/riscv32-unknown-elf/15.1.0/../../../../riscv32-unknown-elf/lib/libc.a(libc_a-malloc.o)
 .riscv.attributes
                0x0000014e       0x2a /opt/riscv32im/lib/gcc/riscv32-unknown-elf/15.1.0/../../../../riscv32-unknown-elf/lib/libc.a(libc_a-mallocr.o)
 .riscv.attributes
                0x00000178       0x2a /opt/riscv32im/lib/gcc/riscv32-unknown-elf/15.1.0/../../../../riscv32-unknown-elf/lib/libc.a(libc_a-mlock.o)
 .riscv.attributes
                0x000001a2       0x2a /opt/riscv32im/lib/gcc/riscv32-unknown-elf/15.1.0/../../../../riscv32-unknown-elf/lib/libc.a(libc_a-findfp.o)
 .riscv.attributes
                0x000001cc       0x2a /opt/riscv32im/lib/gcc/riscv32-unknown-elf/15.1.0/../../../../riscv32-unknown-elf/lib/libc.a(libc_a-fwalk.o)
 .riscv.attributes
                0x000001f6       0x2a /opt/riscv32im/lib/gcc/riscv32-unknown-elf/15.1.0/../../../../riscv32-unknown-elf/lib/libc.a(libc_a-printf.o)
 .riscv.attributes
                0x00000220       0x2a /opt/riscv32im/lib/gcc/riscv32-unknown-elf/15.1.0/../../../../riscv32-unknown-elf/lib/libc.a(libc_a-putchar.o)